Component: ARM Compiler 5.06 update 7 (build 960) Tool: armlink [4d3601]

==============================================================================

Section Cross References

    main.o(.text) refers to _printf_percent.o(.ARM.Collect$$_printf_percent$$00000000) for _printf_percent
    main.o(.text) refers to _printf_s.o(.ARM.Collect$$_printf_percent$$00000014) for _printf_s
    main.o(.text) refers to _printf_str.o(.text) for _printf_str
    main.o(.text) refers to _printf_d.o(.ARM.Collect$$_printf_percent$$00000009) for _printf_d
    main.o(.text) refers to _printf_f.o(.ARM.Collect$$_printf_percent$$00000003) for _printf_f
    main.o(.text) refers to _printf_dec.o(.text) for _printf_int_dec
    main.o(.text) refers to printf1.o(x$fpl$printf1) for _printf_fp_dec
    main.o(.text) refers to __2printf.o(.text) for __2printf
    main.o(.text) refers to strstr.o(.text) for strstr
    main.o(.text) refers to usart3.o(.text) for u3_printf
    main.o(.text) refers to delay.o(.text) for delay_ms
    main.o(.text) refers to sys.o(.text) for NVIC_Configuration
    main.o(.text) refers to usart.o(.text) for uart_init
    main.o(.text) refers to led.o(.text) for LED_Init
    main.o(.text) refers to adc.o(.text) for Adc_Init
    main.o(.text) refers to dht11.o(.text) for DHT11_Init
    main.o(.text) refers to mpu6050.o(.text) for MPU_Init
    main.o(.text) refers to dflt_clz.o(x$fpl$dflt) for __aeabi_i2d
    main.o(.text) refers to ddiv.o(x$fpl$ddiv) for __aeabi_ddiv
    main.o(.text) refers to acos.o(i.acos) for acos
    main.o(.text) refers to dmul.o(x$fpl$dmul) for __aeabi_dmul
    main.o(.text) refers to __2sprintf.o(.text) for __2sprintf
    main.o(.text) refers to usart3.o(.data) for USART3_RX_STA
    main.o(.text) refers to usart3.o(.bss) for USART3_RX_BUF
    main.o(.text) refers to main.o(.conststring) for .conststring
    main.o(.text) refers to usart.o(.data) for USART_RX_STA
    main.o(.text) refers to usart.o(.bss) for USART_RX_BUF
    system_stm32f10x.o(.text) refers to system_stm32f10x.o(.data) for SystemCoreClock
    led.o(.text) refers to stm32f10x_rcc.o(.text) for RCC_APB2PeriphClockCmd
    led.o(.text) refers to stm32f10x_gpio.o(.text) for GPIO_PinRemapConfig
    timer.o(.text) refers to stm32f10x_tim.o(.text) for TIM_GetITStatus
    timer.o(.text) refers to stm32f10x_rcc.o(.text) for RCC_APB1PeriphClockCmd
    timer.o(.text) refers to misc.o(.text) for NVIC_Init
    timer.o(.text) refers to stm32f10x_gpio.o(.text) for GPIO_Init
    timer.o(.text) refers to usart3.o(.data) for USART3_RX_STA
    timer.o(.text) refers to timer.o(.data) for TIM2CH1_CAPTURE_STA
    usart3.o(.text) refers to stm32f10x_usart.o(.text) for USART_GetITStatus
    usart3.o(.text) refers to stm32f10x_tim.o(.text) for TIM_SetCounter
    usart3.o(.text) refers to stm32f10x_rcc.o(.text) for RCC_APB2PeriphClockCmd
    usart3.o(.text) refers to stm32f10x_gpio.o(.text) for GPIO_Init
    usart3.o(.text) refers to misc.o(.text) for NVIC_Init
    usart3.o(.text) refers to timer.o(.text) for TIM3_Int_Init
    usart3.o(.text) refers to c89vsprintf.o(.text) for __c89vsprintf
    usart3.o(.text) refers to strlen.o(.text) for strlen
    usart3.o(.text) refers to usart3.o(.data) for USART3_RX_STA
    usart3.o(.text) refers to usart3.o(.bss) for USART3_RX_BUF
    common.o(.text) refers to _printf_percent.o(.ARM.Collect$$_printf_percent$$00000000) for _printf_percent
    common.o(.text) refers to _printf_s.o(.ARM.Collect$$_printf_percent$$00000014) for _printf_s
    common.o(.text) refers to _printf_str.o(.text) for _printf_str
    common.o(.text) refers to __2printf.o(.text) for __2printf
    common.o(.text) refers to strstr.o(.text) for strstr
    common.o(.text) refers to usart3.o(.text) for u3_printf
    common.o(.text) refers to delay.o(.text) for delay_ms
    common.o(.text) refers to __2sprintf.o(.text) for __2sprintf
    common.o(.text) refers to usart3.o(.data) for USART3_RX_STA
    common.o(.text) refers to usart3.o(.bss) for USART3_RX_BUF
    common.o(.text) refers to common.o(.data) for wifista_password
    common.o(.data) refers to common.o(.conststring) for .conststring
    adc.o(.text) refers to stm32f10x_rcc.o(.text) for RCC_APB2PeriphClockCmd
    adc.o(.text) refers to stm32f10x_gpio.o(.text) for GPIO_Init
    adc.o(.text) refers to stm32f10x_adc.o(.text) for ADC_DeInit
    adc.o(.text) refers to delay.o(.text) for delay_ms
    dht11.o(.text) refers to delay.o(.text) for delay_ms
    dht11.o(.text) refers to stm32f10x_rcc.o(.text) for RCC_APB2PeriphClockCmd
    dht11.o(.text) refers to stm32f10x_gpio.o(.text) for GPIO_Init
    mpu6050.o(.text) refers to mpuiic.o(.text) for MPU_IIC_Start
    mpu6050.o(.text) refers to stm32f10x_rcc.o(.text) for RCC_APB2PeriphClockCmd
    mpu6050.o(.text) refers to stm32f10x_gpio.o(.text) for GPIO_Init
    mpu6050.o(.text) refers to delay.o(.text) for delay_ms
    mpu6050.o(.text) refers to dflt_clz.o(x$fpl$dflt) for __aeabi_i2d
[...]
    pS                                       0x08006070   Data          48  acos.o(.constdata)
    qS                                       0x080060a0   Data          32  acos.o(.constdata)
    .constdata                               0x080060c0   Section        8  _printf_wctomb.o(.constdata)
    initial_mbstate                          0x080060c0   Data           8  _printf_wctomb.o(.constdata)
    .constdata                               0x080060c8   Section      148  bigflt0.o(.constdata)
    tenpwrs_x                                0x080060c8   Data          60  bigflt0.o(.constdata)
    tenpwrs_i                                0x08006104   Data          64  bigflt0.o(.constdata)
    .conststring                             0x0800615c   Section      479  main.o(.conststring)
    locale$$data                             0x0800635c   Section       28  lc_numeric_c.o(locale$$data)
    __lcnum_c_name                           0x08006360   Data           2  lc_numeric_c.o(locale$$data)
    __lcnum_c_start                          0x08006368   Data           0  lc_numeric_c.o(locale$$data)
    __lcnum_c_point                          0x08006374   Data           0  lc_numeric_c.o(locale$$data)
    __lcnum_c_thousands                      0x08006376   Data           0  lc_numeric_c.o(locale$$data)
    __lcnum_c_grouping                       0x08006377   Data           0  lc_numeric_c.o(locale$$data)
    locale$$data                             0x08006378   Section      272  lc_ctype_c.o(locale$$data)
    __lcnum_c_end                            0x08006378   Data           0  lc_numeric_c.o(locale$$data)
    __lcctype_c_name                         0x0800637c   Data           2  lc_ctype_c.o(locale$$data)
    __lcctype_c_start                        0x08006384   Data           0  lc_ctype_c.o(locale$$data)
    __lcctype_c_end                          0x08006488   Data           0  lc_ctype_c.o(locale$$data)
    .data                                    0x20000000   Section       20  system_stm32f10x.o(.data)
    .data                                    0x20000014   Section        4  timer.o(.data)
    .data                                    0x20000018   Section        2  usart3.o(.data)
    .data                                    0x2000001a   Section        4  delay.o(.data)
    fac_us                                   0x2000001a   Data           1  delay.o(.data)
    fac_ms                                   0x2000001c   Data           2  delay.o(.data)
    .data                                    0x20000020   Section        9  usart.o(.data)
    flag                                     0x20000028   Data           1  usart.o(.data)
    .data                                    0x20000029   Section       20  stm32f10x_rcc.o(.data)
    APBAHBPrescTable                         0x20000029   Data          16  stm32f10x_rcc.o(.data)
    ADCPrescTable                            0x20000039   Data           4  stm32f10x_rcc.o(.data)
    .bss                                     0x20000040   Section     1200  usart3.o(.bss)
    .bss                                     0x200004f0   Section      400  usart.o(.bss)
    .bss                                     0x20000680   Section       96  libspace.o(.bss)
    HEAP                                     0x200006e0   Section      512  startup_stm32f10x_md.o(HEAP)
    Heap_Mem                                 0x200006e0   Data         512  startup_stm32f10x_md.o(HEAP)
    STACK                                    0x200008e0   Section     1024  startup_stm32f10x_md.o(STACK)
    Stack_Mem                                0x200008e0   Data        1024  startup_stm32f10x_md.o(STACK)
    __initial_sp                             0x20000ce0   Data           0  startup_stm32f10x_md.o(STACK)

    Global Symbols

    Symbol Name                              Value     Ov Type        Size  Object(Section)

    BuildAttributes$$THM_ISAv4$P$D$K$B$S$PE$A:L22UL41UL21$X:L11$S22US41US21$IEEE1$IW$USESV6$~STKCKD$USESV7$~SHL$OTIME$ROPI$IEEEX$EBA8$UX$STANDARDLIB$REQ8$PRES8$EABIv2 0x00000000   Number         0  anon$$obj.o ABSOLUTE
    __ARM_use_no_argv                        0x00000000   Number         0  main.o ABSOLUTE
    _printf_flags                            0x00000000   Number         0  printf_stubs.o ABSOLUTE
    _printf_return_value                     0x00000000   Number         0  printf_stubs.o ABSOLUTE
    _printf_sizespec                         0x00000000   Number         0  printf_stubs.o ABSOLUTE
    _printf_widthprec                        0x00000000   Number         0  printf_stubs.o ABSOLUTE
    __ARM_exceptions_init                     - Undefined Weak Reference
    __alloca_initialize                       - Undefined Weak Reference
    __arm_fini_                               - Undefined Weak Reference
    __arm_preinit_                            - Undefined Weak Reference
    __cpp_initialize__aeabi_                  - Undefined Weak Reference
    __cxa_finalize                            - Undefined Weak Reference
    __sigvec_lookup                           - Undefined Weak Reference
    _atexit_init                              - Undefined Weak Reference
    _call_atexit_fns                          - Undefined Weak Reference
    _clock_init                               - Undefined Weak Reference
    _fp_trap_init                             - Undefined Weak Reference
    _fp_trap_shutdown                         - Undefined Weak Reference
    _get_lc_collate                           - Undefined Weak Reference
    _get_lc_monetary                          - Undefined Weak Reference
    _get_lc_time                              - Undefined Weak Reference
    _getenv_init                              - Undefined Weak Reference
    _handle_redirection                       - Undefined Weak Reference
    _init_alloc                               - Undefined Weak Reference
    _init_user_alloc                          - Undefined Weak Reference
    _initio                                   - Undefined Weak Reference
    _mutex_acquire                            - Undefined Weak Reference
    _mutex_release                            - Undefined Weak Reference
    _printf_fp_hex                            - Undefined Weak Reference
    _printf_mbtowc                            - Undefined Weak Reference
    _printf_wc                                - Undefined Weak Reference
    _rand_init                                - Undefined Weak Reference
    _signal_finish                            - Undefined Weak Reference
    _signal_init                              - Undefined Weak Reference
    _terminate_alloc                          - Undefined Weak Reference
    _terminate_user_alloc                     - Undefined Weak Reference
    _terminateio                              - Undefined Weak Reference
    __Vectors_Size                           0x000000ec   Number         0  startup_stm32f10x_md.o ABSOLUTE
    __Vectors                                0x08000000   Data           4  startup_stm32f10x_md.o(RESET)
    __Vectors_End                            0x080000ec   Data           0  startup_stm32f10x_md.o(RESET)
    __main                                   0x080000ed   Thumb Code     8  __main.o(!!!main)
    __scatterload                            0x080000f5   Thumb Code     0  __scatter.o(!!!scatter)
    __scatterload_rt2                        0x080000f5   Thumb Code    44  __scatter.o(!!!scatter)
    __scatterload_rt2_thumb_only             0x080000f5   Thumb Code     0  __scatter.o(!!!scatter)
    __scatterload_null                       0x08000103   Thumb Code     0  __scatter.o(!!!scatter)
    __scatterload_copy                       0x08000129   Thumb Code    26  __scatter_copy.o(!!handler_copy)
    __scatterload_zeroinit                   0x08000145   Thumb Code    28  __scatter_zi.o(!!handler_zi)
    _printf_n                                0x08000161   Thumb Code     0  _printf_n.o(.ARM.Collect$$_printf_percent$$00000001)
    _printf_percent                          0x08000161   Thumb Code     0  _printf_percent.o(.ARM.Collect$$_printf_percent$$00000000)
    _printf_p                                0x08000167   Thumb Code     0  _printf_p.o(.ARM.Collect$$_printf_percent$$00000002)
    _printf_f                                0x0800016d   Thumb Code     0  _printf_f.o(.ARM.Collect$$_printf_percent$$00000003)
    _printf_e                                0x08000173   Thumb Code     0  _printf_e.o(.ARM.Collect$$_printf_percent$$00000004)
    _printf_g                                0x08000179   Thumb Code     0  _printf_g.o(.ARM.Collect$$_printf_percent$$00000005)
    _printf_a                                0x0800017f   Thumb Code     0  _printf_a.o(.ARM.Collect$$_printf_percent$$00000006)
    _printf_ll                               0x08000185   Thumb Code     0  _printf_ll.o(.ARM.Collect$$_printf_percent$$00000007)
    _printf_i                                0x0800018f   Thumb Code     0  _printf_i.o(.ARM.Collect$$_printf_percent$$00000008)
    _printf_d                                0x08000195   Thumb Code     0  _printf_d.o(.ARM.Collect$$_printf_percent$$00000009)
    _printf_u                                0x0800019b   Thumb Code     0  _printf_u.o(.ARM.Collect$$_printf_percent$$0000000A)
    _printf_o                                0x080001a1   Thumb Code     0  _printf_o.o(.ARM.Collect$$_printf_percent$$0000000B)
    _printf_x                                0x080001a7   Thumb Code     0  _printf_x.o(.ARM.Collect$$_printf_percent$$0000000C)
    _printf_lli                              0x080001ad   Thumb Code     0  _printf_lli.o(.ARM.Collect$$_printf_percent$$0000000D)
    _printf_lld                              0x080001b3   Thumb Code     0  _printf_lld.o(.ARM.Collect$$_printf_percent$$0000000E)
    _printf_llu                              0x080001b9   Thumb Code     0  _printf_llu.o(.ARM.Collect$$_printf_percent$$0000000F)
    _printf_llo                              0x080001bf   Thumb Code     0  _printf_llo.o(.ARM.Collect$$_printf_percent$$00000010)
    _printf_llx                              0x080001c5   Thumb Code     0  _printf_llx.o(.ARM.Collect$$_printf_percent$$00000011)
    _printf_l                                0x080001cb   Thumb Code     0  _printf_l.o(.ARM.Collect$$_printf_percent$$00000012)
    _printf_c                                0x080001d5   Thumb Code     0  _printf_c.o(.ARM.Collect$$_printf_percent$$00000013)
    _printf_s                                0x080001db   Thumb Code     0  _printf_s.o(.ARM.Collect$$_printf_percent$$00000014)
    _printf_lc                               0x080001e1   Thumb Code     0  _printf_lc.o(.ARM.Collect$$_printf_percent$$00000015)
    _printf_ls                               0x080001e7   Thumb Code     0  _printf_ls.o(.ARM.Collect$$_printf_percent$$00000016)
    _printf_percent_end                      0x080001ed   Thumb Code     0  _printf_percent_end.o(.ARM.Collect$$_printf_percent$$00000017)
    __rt_lib_init                            0x080001f1   Thumb Code     0  libinit.o(.ARM.Collect$$libinit$$00000000)
    __rt_lib_init_fp_1                       0x080001f3   Thumb Code     0  libinit2.o(.ARM.Collect$$libinit$$00000002)
    __rt_lib_init_heap_1                     0x080001f3   Thumb Code     0  libinit2.o(.ARM.Collect$$libinit$$0000000A)
    __rt_lib_init_lc_common                  0x080001f3   Thumb Code     0  libinit2.o(.ARM.Collect$$libinit$$0000000F)
    __rt_lib_init_preinit_1                  0x080001f3   Thumb Code     0  libinit2.o(.ARM.Collect$$libinit$$00000004)
    __rt_lib_init_rand_1                     0x080001f3   Thumb Code     0  libinit2.o(.ARM.Collect$$libinit$$0000000E)
    __rt_lib_init_user_alloc_1               0x080001f3   Thumb Code     0  libinit2.o(.ARM.Collect$$libinit$$0000000C)
    __rt_lib_init_lc_collate_1               0x080001f9   Thumb Code     0  libinit2.o(.ARM.Collect$$libinit$$00000011)
    __rt_lib_init_lc_ctype_2                 0x080001f9   Thumb Code     0  libinit2.o(.ARM.Collect$$libinit$$00000012)
    __rt_lib_init_lc_ctype_1                 0x08000205   Thumb Code     0  libinit2.o(.ARM.Collect$$libinit$$00000013)
    __rt_lib_init_lc_monetary_1              0x08000205   Thumb Code     0  libinit2.o(.ARM.Collect$$libinit$$00000015)
    __rt_lib_init_lc_numeric_2               0x08000205   Thumb Code     0  libinit2.o(.ARM.Collect$$libinit$$00000016)
    __rt_lib_init_alloca_1                   0x0800020f   Thumb Code     0  libinit2.o(.ARM.Collect$$libinit$$0000002E)
    __rt_lib_init_argv_1                     0x0800020f   Thumb Code     0  libinit2.o(.ARM.Collect$$libinit$$0000002C)
    __rt_lib_init_atexit_1                   0x0800020f   Thumb Code     0  libinit2.o(.ARM.Collect$$libinit$$0000001B)
    __rt_lib_init_clock_1                    0x0800020f   Thumb Code     0  libinit2.o(.ARM.Collect$$libinit$$00000021)
    __rt_lib_init_cpp_1                      0x0800020f   Thumb Code     0  libinit2.o(.ARM.Collect$$libinit$$00000032)
    __rt_lib_init_exceptions_1               0x0800020f   Thumb Code     0  libinit2.o(.ARM.Collect$$libinit$$00000030)
    __rt_lib_init_fp_trap_1                  0x0800020f   Thumb Code     0  libinit2.o(.ARM.Collect$$libinit$$0000001F)
    __rt_lib_init_getenv_1                   0x0800020f   Thumb Code     0  libinit2.o(.ARM.Collect$$libinit$$00000023)
    __rt_lib_init_lc_numeric_1               0x0800020f   Thumb Code     0  libinit2.o(.ARM.Collect$$libinit$$00000017)
    __rt_lib_init_lc_time_1                  0x0800020f   Thumb Code     0  libinit2.o(.ARM.Collect$$libinit$$00000019)
    __rt_lib_init_return                     0x0800020f   Thumb Code     0  libinit2.o(.ARM.Collect$$libinit$$00000033)
    __rt_lib_init_signal_1                   0x0800020f   Thumb Code     0  libinit2.o(.ARM.Collect$$libinit$$0000001D)
    __rt_lib_init_stdio_1                    0x0800020f   Thumb Code     0  libinit2.o(.ARM.Collect$$libinit$$00000025)
    __rt_lib_shutdown                        0x08000211   Thumb Code     0  libshutdown.o(.ARM.Collect$$libshutdown$$00000000)
    __rt_lib_shutdown_cpp_1                  0x08000213   Thumb Code     0  libshutdown2.o(.ARM.Collect$$libshutdown$$00000004)
    __rt_lib_shutdown_fini_1                 0x08000213   Thumb Code     0  libshutdown2.o(.ARM.Collect$$libshutdown$$00000002)
    __rt_lib_shutdown_fp_trap_1              0x08000213   Thumb Code     0  libshutdown2.o(.ARM.Collect$$libshutdown$$00000009)
    __rt_lib_shutdown_heap_1                 0x08000213   Thumb Code     0  libshutdown2.o(.ARM.Collect$$libshutdown$$00000011)
    __rt_lib_shutdown_return                 0x08000213   Thumb Code     0  libshutdown2.o(.ARM.Collect$$libshutdown$$00000012)
    __rt_lib_shutdown_signal_1               0x08000213   Thumb Code     0  libshutdown2.o(.ARM.Collect$$libshutdown$$0000000C)
    __rt_lib_shutdown_stdio_1                0x08000213   Thumb Code     0  libshutdown2.o(.ARM.Collect$$libshutdown$$00000006)
    __rt_lib_shutdown_user_alloc_1           0x08000213   Thumb Code     0  libshutdown2.o(.ARM.Collect$$libshutdown$$0000000E)
    __rt_entry                               0x08000215   Thumb Code     0  __rtentry.o(.ARM.Collect$$rtentry$$00000000)
    __rt_entry_presh_1                       0x08000215   Thumb Code     0  __rtentry2.o(.ARM.Collect$$rtentry$$00000002)
    __rt_entry_sh                            0x08000215   Thumb Code     0  __rtentry4.o(.ARM.Collect$$rtentry$$00000004)
    __rt_entry_li                            0x0800021b   Thumb Code     0  __rtentry2.o(.ARM.Collect$$rtentry$$0000000A)
    __rt_entry_postsh_1                      0x0800021b   Thumb Code     0  __rtentry2.o(.ARM.Collect$$rtentry$$00000009)
    __rt_entry_main                          0x0800021f   Thumb Code     0  __rtentry2.o(.ARM.Collect$$rtentry$$0000000D)
    __rt_entry_postli_1                      0x0800021f   Thumb Code     0  __rtentry2.o(.ARM.Collect$$rtentry$$0000000C)
    __rt_exit                                0x08000227   Thumb Code     0  rtexit.o(.ARM.Collect$$rtexit$$00000000)
    __rt_exit_ls                             0x08000229   Thumb Code     0  rtexit2.o(.ARM.Collect$$rtexit$$00000003)
    __rt_exit_prels_1                        0x08000229   Thumb Code     0  rtexit2.o(.ARM.Collect$$rtexit$$00000002)
    __rt_exit_exit                           0x0800022d   Thumb Code     0  rtexit2.o(.ARM.Collect$$rtexit$$00000004)
    NBIOT_at_response                        0x08000235   Thumb Code    46  main.o(.text)
    NBIOT_check_cmd                          0x08000263   Thumb Code    52  main.o(.text)
    NBIOT_send_cmd                           0x08000297   Thumb Code   100  main.o(.text)
    NBIOT_send_data                          0x080002fb   Thumb Code    84  main.o(.text)
    NBiot_CoAP_Config                        0x0800034f   Thumb Code   128  main.o(.text)
    main                                     0x080003cf   Thumb Code   536  main.o(.text)
    NMI_Handler                              0x08000749   Thumb Code     2  stm32f10x_it.o(.text)
    HardFault_Handler                        0x0800074b   Thumb Code     4  stm32f10x_it.o(.text)
    MemManage_Handler                        0x0800074f   Thumb Code     4  stm32f10x_it.o(.text)
    BusFault_Handler                         0x08000753   Thumb Code     4  stm32f10x_it.o(.text)
    UsageFault_Handler                       0x08000757   Thumb Code     4  stm32f10x_it.o(.text)
    SVC_Handler                              0x0800075b   Thumb Code     2  stm32f10x_it.o(.text)
    DebugMon_Handler                         0x0800075d   Thumb Code     2  stm32f10x_it.o(.text)
    PendSV_Handler                           0x0800075f   Thumb Code     2  stm32f10x_it.o(.text)
    SysTick_Handler                          0x08000761   Thumb Code     2  stm32f10x_it.o(.text)
    SystemInit                               0x08000843   Thumb Code    78  system_stm32f10x.o(.text)
    SystemCoreClockUpdate                    0x08000891   Thumb Code   142  system_stm32f10x.o(.text)
    LED_Init                                 0x08000945   Thumb Code    48  led.o(.text)
    TIM3_IRQHandler                          0x0800097d   Thumb Code    42  timer.o(.text)
    TIM3_Int_Init                            0x080009a7   Thumb Code    90  timer.o(.text)
    TIM2_Cap_Init                            0x08000a01   Thumb Code   176  timer.o(.text)
    TIM2_IRQHandler                          0x08000ab1   Thumb Code   174  timer.o(.text)
    TIM4_PWM_Init                            0x08000b5f   Thumb Code   172  timer.o(.text)
    USART3_IRQHandler                        0x08000c2d   Thumb Code    94  usart3.o(.text)
    usart3_init                              0x08000c8b   Thumb Code   192  usart3.o(.text)
    u3_printf                                0x08000d4b   Thumb Code    72  usart3.o(.text)
    u3_sendstring                            0x08000d93   Thumb Code    44  usart3.o(.text)
    Adc_Init                                 0x08000dd9   Thumb Code   132  adc.o(.text)
    Get_Adc                                  0x08000e5d   Thumb Code    46  adc.o(.text)
    Get_Adc_Average                          0x08000e8b   Thumb Code    46  adc.o(.text)
    DHT11_Rst                                0x08000ec1   Thumb Code    52  dht11.o(.text)
    DHT11_Check                              0x08000ef5   Thumb Code    96  dht11.o(.text)
    DHT11_Read_Bit                           0x08000f55   Thumb Code    76  dht11.o(.text)
    DHT11_Read_Byte                          0x08000fa1   Thumb Code    30  dht11.o(.text)
    DHT11_Read_Data                          0x08000fbf   Thumb Code    88  dht11.o(.text)
    DHT11_Init                               0x08001017   Thumb Code    62  dht11.o(.text)
    MPU_Write_Byte                           0x08001061   Thumb Code    68  mpu6050.o(.text)
    MPU_Set_LPF                              0x080010a5   Thumb Code    58  mpu6050.o(.text)
    MPU_Set_Rate                             0x080010df   Thumb Code    58  mpu6050.o(.text)
    MPU_Read_Byte                            0x08001119   Thumb Code    58  mpu6050.o(.text)
    MPU_Set_Accel_Fsr                        0x08001153   Thumb Code    16  mpu6050.o(.text)
    MPU_Set_Gyro_Fsr                         0x08001163   Thumb Code    16  mpu6050.o(.text)
    MPU_Init                                 0x08001173   Thumb Code   180  mpu6050.o(.text)
    MPU_Read_Len                             0x08001227   Thumb Code   116  mpu6050.o(.text)
    MPU_Get_Temperature                      0x0800129b   Thumb Code    86  mpu6050.o(.text)
    MPU_Get_Gyroscope                        0x080012f1   Thumb Code    80  mpu6050.o(.text)
    MPU_Get_Accelerometer                    0x08001341   Thumb Code    80  mpu6050.o(.text)
    MPU_Write_Len                            0x08001391   Thumb Code    96  mpu6050.o(.text)
    MPU_IIC_Delay                            0x0800140d   Thumb Code    10  mpuiic.o(.text)
    MPU_IIC_Init                             0x08001417   Thumb Code    50  mpuiic.o(.text)
    MPU_IIC_Start                            0x08001449   Thumb Code    64  mpuiic.o(.text)
    MPU_IIC_Stop                             0x08001489   Thumb Code    66  mpuiic.o(.text)
    MPU_IIC_Wait_Ack                         0x080014cb   Thumb Code    90  mpuiic.o(.text)
    MPU_IIC_Ack                              0x08001525   Thumb Code    70  mpuiic.o(.text)
    MPU_IIC_NAck                             0x0800156b   Thumb Code    70  mpuiic.o(.text)
    MPU_IIC_Send_Byte                        0x080015b1   Thumb Code    86  mpuiic.o(.text)
    MPU_IIC_Read_Byte                        0x08001607   Thumb Code   100  mpuiic.o(.text)
    delay_init                               0x08001679   Thumb Code    50  delay.o(.text)
    delay_us                                 0x080016ab   Thumb Code    72  delay.o(.text)
    delay_ms                                 0x080016f3   Thumb Code    72  delay.o(.text)
    NVIC_Configuration                       0x0800174d   Thumb Code    12  sys.o(.text)
    _sys_exit                                0x08001759   Thumb Code     6  usart.o(.text)
    fputc                                    0x0800175f   Thumb Code    24  usart.o(.text)
    uart_init                                0x08001777   Thumb Code   302  usart.o(.text)
    USART1_IRQHandler                        0x080018a5   Thumb Code   126  usart.o(.text)
    usart1_sendchar                          0x08001923   Thumb Code    22  usart.o(.text)
    usart1_sendstring                        0x08001939   Thumb Code    26  usart.o(.text)
    USART2_IRQHandler                        0x08001953   Thumb Code   106  usart.o(.text)
    usart2_sendchar                          0x080019bd   Thumb Code    22  usart.o(.text)
    usart2_sendstring                        0x080019d3   Thumb Code    26  usart.o(.text)
    Reset_Handler                            0x08001a0d   Thumb Code     8  startup_stm32f10x_md.o(.text)
    ADC1_2_IRQHandler                        0x08001a27   Thumb Code     0  startup_stm32f10x_md.o(.text)
    CAN1_RX1_IRQHandler                      0x08001a27   Thumb Code     0  startup_stm32f10x_md.o(.text)
    CAN1_SCE_IRQHandler                      0x08001a27   Thumb Code     0  startup_stm32f10x_md.o(.text)
    DMA1_Channel1_IRQHandler                 0x08001a27   Thumb Code     0  startup_stm32f10x_md.o(.text)
    DMA1_Channel2_IRQHandler                 0x08001a27   Thumb Code     0  startup_stm32f10x_md.o(.text)
    DMA1_Channel3_IRQHandler                 0x08001a27   Thumb Code     0  startup_stm32f10x_md.o(.text)
    DMA1_Channel4_IRQHandler                 0x08001a27   Thumb Code     0  startup_stm32f10x_md.o(.text)
    DMA1_Channel5_IRQHandler                 0x08001a27   Thumb Code     0  startup_stm32f10x_md.o(.text)
    DMA1_Channel6_IRQHandler                 0x08001a27   Thumb Code     0  startup_stm32f10x_md.o(.text)
    DMA1_Channel7_IRQHandler                 0x08001a27   Thumb Code     0  startup_stm32f10x_md.o(.text)
    EXTI0_IRQHandler                         0x08001a27   Thumb Code     0  startup_stm32f10x_md.o(.text)
    EXTI15_10_IRQHandler                     0x08001a27   Thumb Code     0  startup_stm32f10x_md.o(.text)
    EXTI1_IRQHandler                         0x08001a27   Thumb Code     0  startup_stm32f10x_md.o(.text)
    EXTI2_IRQHandler                         0x08001a27   Thumb Code     0  startup_stm32f10x_md.o(.text)
    EXTI3_IRQHandler                         0x08001a27   Thumb Code     0  startup_stm32f10x_md.o(.text)
    EXTI4_IRQHandler                         0x08001a27   Thumb Code     0  startup_stm32f10x_md.o(.text)
    EXTI9_5_IRQHandler                       0x08001a27   Thumb Code     0  startup_stm32f10x_md.o(.text)
    FLASH_IRQHandler                         0x08001a27   Thumb Code     0  startup_stm32f10x_md.o(.text)
    I2C1_ER_IRQHandler                       0x08001a27   Thumb Code     0  startup_stm32f10x_md.o(.text)
    I2C1_EV_IRQHandler                       0x08001a27   Thumb Code     0  startup_stm32f10x_md.o(.text)
    I2C2_ER_IRQHandler                       0x08001a27   Thumb Code     0  startup_stm32f10x_md.o(.text)
    I2C2_EV_IRQHandler                       0x08001a27   Thumb Code     0  startup_stm32f10x_md.o(.text)
    PVD_IRQHandler                           0x08001a27   Thumb Code     0  startup_stm32f10x_md.o(.text)
    RCC_IRQHandler                           0x08001a27   Thumb Code     0  startup_stm32f10x_md.o(.text)
    RTCAlarm_IRQHandler                      0x08001a27   Thumb Code     0  startup_stm32f10x_md.o(.text)
    RTC_IRQHandler                           0x08001a27   Thumb Code     0  startup_stm32f10x_md.o(.text)
    SPI1_IRQHandler                          0x08001a27   Thumb Code     0  startup_stm32f10x_md.o(.text)
    SPI2_IRQHandler                          0x08001a27   Thumb Code     0  startup_stm32f10x_md.o(.text)
    TAMPER_IRQHandler                        0x08001a27   Thumb Code     0  startup_stm32f10x_md.o(.text)
    TIM1_BRK_IRQHandler                      0x08001a27   Thumb Code     0  startup_stm32f10x_md.o(.text)
    TIM1_CC_IRQHandler                       0x08001a27   Thumb Code     0  startup_stm32f10x_md.o(.text)
    TIM1_TRG_COM_IRQHandler                  0x08001a27   Thumb Code     0  startup_stm32f10x_md.o(.text)
    TIM1_UP_IRQHandler                       0x08001a27   Thumb Code     0  startup_stm32f10x_md.o(.text)
    TIM4_IRQHandler                          0x08001a27   Thumb Code     0  startup_stm32f10x_md.o(.text)
    USBWakeUp_IRQHandler                     0x08001a27   Thumb Code     0  startup_stm32f10x_md.o(.text)
    USB_HP_CAN1_TX_IRQHandler                0x08001a27   Thumb Code     0  startup_stm32f10x_md.o(.text)
    USB_LP_CAN1_RX0_IRQHandler               0x08001a27   Thumb Code     0  startup_stm32f10x_md.o(.text)
    WWDG_IRQHandler                          0x08001a27   Thumb Code     0  startup_stm32f10x_md.o(.text)
    __user_initial_stackheap                 0x08001a29   Thumb Code     0  startup_stm32f10x_md.o(.text)
    GPIO_DeInit                              0x08001a4d   Thumb Code   172  stm32f10x_gpio.o(.text)
    GPIO_AFIODeInit                          0x08001af9   Thumb Code    20  stm32f10x_gpio.o(.text)
    GPIO_Init                                0x08001b0d   Thumb Code   278  stm32f10x_gpio.o(.text)
    GPIO_StructInit                          0x08001c23   Thumb Code    16  stm32f10x_gpio.o(.text)
    GPIO_ReadInputDataBit                    0x08001c33   Thumb Code    18  stm32f10x_gpio.o(.text)
    GPIO_ReadInputData                       0x08001c45   Thumb Code     8  stm32f10x_gpio.o(.text)
    GPIO_ReadOutputDataBit                   0x08001c4d   Thumb Code    18  stm32f10x_gpio.o(.text)
    GPIO_ReadOutputData                      0x08001c5f   Thumb Code     8  stm32f10x_gpio.o(.text)
    GPIO_SetBits                             0x08001c67   Thumb Code     4  stm32f10x_gpio.o(.text)
    GPIO_ResetBits                           0x08001c6b   Thumb Code     4  stm32f10x_gpio.o(.text)
    GPIO_WriteBit                            0x08001c6f   Thumb Code    10  stm32f10x_gpio.o(.text)
    GPIO_Write                               0x08001c79   Thumb Code     4  stm32f10x_gpio.o(.text)
    GPIO_PinLockConfig                       0x08001c7d   Thumb Code    18  stm32f10x_gpio.o(.text)
    GPIO_EventOutputConfig                   0x08001c8f   Thumb Code    26  stm32f10x_gpio.o(.text)
    GPIO_EventOutputCmd                      0x08001ca9   Thumb Code     6  stm32f10x_gpio.o(.text)
    GPIO_PinRemapConfig                      0x08001caf   Thumb Code   138  stm32f10x_gpio.o(.text)
    GPIO_EXTILineConfig                      0x08001d39   Thumb Code    66  stm32f10x_gpio.o(.text)
    GPIO_ETH_MediaInterfaceConfig            0x08001d7b   Thumb Code     8  stm32f10x_gpio.o(.text)
    RCC_DeInit                               0x08001da9   Thumb Code    64  stm32f10x_rcc.o(.text)
    RCC_HSEConfig                            0x08001de9   Thumb Code    70  stm32f10x_rcc.o(.text)
    RCC_GetFlagStatus                        0x08001e2f   Thumb Code    56  stm32f10x_rcc.o(.text)
    RCC_WaitForHSEStartUp                    0x08001e67   Thumb Code    56  stm32f10x_rcc.o(.text)
    RCC_AdjustHSICalibrationValue            0x08001e9f   Thumb Code    20  stm32f10x_rcc.o(.text)
    RCC_HSICmd                               0x08001eb3   Thumb Code     6  stm32f10x_rcc.o(.text)
    RCC_PLLConfig                            0x08001eb9   Thumb Code    24  stm32f10x_rcc.o(.text)
    RCC_PLLCmd                               0x08001ed1   Thumb Code     6  stm32f10x_rcc.o(.text)
    RCC_SYSCLKConfig                         0x08001ed7   Thumb Code    18  stm32f10x_rcc.o(.text)
    RCC_GetSYSCLKSource                      0x08001ee9   Thumb Code    10  stm32f10x_rcc.o(.text)
    RCC_HCLKConfig                           0x08001ef3   Thumb Code    18  stm32f10x_rcc.o(.text)
    RCC_PCLK1Config                          0x08001f05   Thumb Code    18  stm32f10x_rcc.o(.text)
    RCC_PCLK2Config                          0x08001f17   Thumb Code    20  stm32f10x_rcc.o(.text)
    RCC_ITConfig                             0x08001f2b   Thumb Code    26  stm32f10x_rcc.o(.text)
    RCC_USBCLKConfig                         0x08001f45   Thumb Code     8  stm32f10x_rcc.o(.text)
    RCC_ADCCLKConfig                         0x08001f4d   Thumb Code    18  stm32f10x_rcc.o(.text)
    RCC_LSEConfig                            0x08001f5f   Thumb Code    50  stm32f10x_rcc.o(.text)
    RCC_LSICmd                               0x08001f91   Thumb Code     6  stm32f10x_rcc.o(.text)
    RCC_RTCCLKConfig                         0x08001f97   Thumb Code    12  stm32f10x_rcc.o(.text)
    RCC_RTCCLKCmd                            0x08001fa3   Thumb Code     8  stm32f10x_rcc.o(.text)
    RCC_GetClocksFreq                        0x08001fab   Thumb Code   192  stm32f10x_rcc.o(.text)
    RCC_AHBPeriphClockCmd                    0x0800206b   Thumb Code    26  stm32f10x_rcc.o(.text)
    RCC_APB2PeriphClockCmd                   0x08002085   Thumb Code    26  stm32f10x_rcc.o(.text)
    RCC_APB1PeriphClockCmd                   0x0800209f   Thumb Code    26  stm32f10x_rcc.o(.text)
    RCC_APB2PeriphResetCmd                   0x080020b9   Thumb Code    26  stm32f10x_rcc.o(.text)
    RCC_APB1PeriphResetCmd                   0x080020d3   Thumb Code    26  stm32f10x_rcc.o(.text)
    RCC_BackupResetCmd                       0x080020ed   Thumb Code     8  stm32f10x_rcc.o(.text)
    RCC_ClockSecuritySystemCmd               0x080020f5   Thumb Code     6  stm32f10x_rcc.o(.text)
    RCC_MCOConfig                            0x080020fb   Thumb Code     6  stm32f10x_rcc.o(.text)
    RCC_ClearFlag                            0x08002101   Thumb Code    14  stm32f10x_rcc.o(.text)
    RCC_GetITStatus                          0x0800210f   Thumb Code    20  stm32f10x_rcc.o(.text)
    RCC_ClearITPendingBit                    0x08002123   Thumb Code     6  stm32f10x_rcc.o(.text)
    USART_DeInit                             0x0800214d   Thumb Code   134  stm32f10x_usart.o(.text)
    USART_Init                               0x080021d3   Thumb Code   210  stm32f10x_usart.o(.text)
    USART_StructInit                         0x080022a5   Thumb Code    24  stm32f10x_usart.o(.text)
    USART_ClockInit                          0x080022bd   Thumb Code    34  stm32f10x_usart.o(.text)
    USART_ClockStructInit                    0x080022df   Thumb Code    12  stm32f10x_usart.o(.text)
    USART_Cmd                                0x080022eb   Thumb Code    24  stm32f10x_usart.o(.text)
    USART_ITConfig                           0x08002303   Thumb Code    74  stm32f10x_usart.o(.text)
    USART_DMACmd                             0x0800234d   Thumb Code    18  stm32f10x_usart.o(.text)
    USART_SetAddress                         0x0800235f   Thumb Code    18  stm32f10x_usart.o(.text)
    USART_WakeUpConfig                       0x08002371   Thumb Code    18  stm32f10x_usart.o(.text)
    USART_ReceiverWakeUpCmd                  0x08002383   Thumb Code    24  stm32f10x_usart.o(.text)
    USART_LINBreakDetectLengthConfig         0x0800239b   Thumb Code    18  stm32f10x_usart.o(.text)
    USART_LINCmd                             0x080023ad   Thumb Code    24  stm32f10x_usart.o(.text)
    USART_SendData                           0x080023c5   Thumb Code     8  stm32f10x_usart.o(.text)
    USART_ReceiveData                        0x080023cd   Thumb Code    10  stm32f10x_usart.o(.text)
    USART_SendBreak                          0x080023d7   Thumb Code    10  stm32f10x_usart.o(.text)
    USART_SetGuardTime                       0x080023e1   Thumb Code    16  stm32f10x_usart.o(.text)
    USART_SetPrescaler                       0x080023f1   Thumb Code    16  stm32f10x_usart.o(.text)
    USART_SmartCardCmd                       0x08002401   Thumb Code    24  stm32f10x_usart.o(.text)
    USART_SmartCardNACKCmd                   0x08002419   Thumb Code    24  stm32f10x_usart.o(.text)
    USART_HalfDuplexCmd                      0x08002431   Thumb Code    24  stm32f10x_usart.o(.text)
    USART_OverSampling8Cmd                   0x08002449   Thumb Code    22  stm32f10x_usart.o(.text)
    USART_OneBitMethodCmd                    0x0800245f   Thumb Code    24  stm32f10x_usart.o(.text)
    USART_IrDAConfig                         0x08002477   Thumb Code    18  stm32f10x_usart.o(.text)
    USART_IrDACmd                            0x08002489   Thumb Code    24  stm32f10x_usart.o(.text)
    USART_GetFlagStatus                      0x080024a1   Thumb Code    26  stm32f10x_usart.o(.text)
    USART_ClearFlag                          0x080024bb   Thumb Code    18  stm32f10x_usart.o(.text)
    USART_GetITStatus                        0x080024cd   Thumb Code    84  stm32f10x_usart.o(.text)
    USART_ClearITPendingBit                  0x08002521   Thumb Code    52  stm32f10x_usart.o(.text)
    NVIC_PriorityGroupConfig                 0x08002555   Thumb Code    10  misc.o(.text)
    NVIC_Init                                0x0800255f   Thumb Code   100  misc.o(.text)
    NVIC_SetVectorTable                      0x080025c3   Thumb Code    14  misc.o(.text)
    NVIC_SystemLPConfig                      0x080025d1   Thumb Code    34  misc.o(.text)
    SysTick_CLKSourceConfig                  0x080025f3   Thumb Code    40  misc.o(.text)
    TIM_DeInit                               0x08002631   Thumb Code   424  stm32f10x_tim.o(.text)
    TIM_TimeBaseInit                         0x080027d9   Thumb Code   122  stm32f10x_tim.o(.text)
    TIM_OC1Init                              0x08002853   Thumb Code   132  stm32f10x_tim.o(.text)
    TIM_OC2Init                              0x080028d7   Thumb Code   154  stm32f10x_tim.o(.text)
    TIM_OC3Init                              0x08002971   Thumb Code   150  stm32f10x_tim.o(.text)
    TIM_OC4Init                              0x08002a07   Thumb Code   182  stm32f10x_tim.o(.text)
    TIM_SetIC4Prescaler                      0x08002abd   Thumb Code    26  stm32f10x_tim.o(.text)
    TIM_SetIC3Prescaler                      0x08002b59   Thumb Code    18  stm32f10x_tim.o(.text)
    TIM_SetIC2Prescaler                      0x08002be5   Thumb Code    26  stm32f10x_tim.o(.text)
    TIM_SetIC1Prescaler                      0x08002c81   Thumb Code    18  stm32f10x_tim.o(.text)
    TIM_ICInit                               0x08002cff   Thumb Code   150  stm32f10x_tim.o(.text)
    TIM_PWMIConfig                           0x08002d95   Thumb Code   124  stm32f10x_tim.o(.text)
    TIM_BDTRConfig                           0x08002e11   Thumb Code    32  stm32f10x_tim.o(.text)
    TIM_TimeBaseStructInit                   0x08002e31   Thumb Code    18  stm32f10x_tim.o(.text)
    TIM_OCStructInit                         0x08002e43   Thumb Code    20  stm32f10x_tim.o(.text)
    TIM_ICStructInit                         0x08002e57   Thumb Code    18  stm32f10x_tim.o(.text)
    TIM_BDTRStructInit                       0x08002e69   Thumb Code    40  stm32f10x_tim.o(.text)
    TIM_Cmd                                  0x08002e91   Thumb Code    24  stm32f10x_tim.o(.text)
    TIM_CtrlPWMOutputs                       0x08002ea9   Thumb Code    30  stm32f10x_tim.o(.text)
    TIM_ITConfig                             0x08002ec7   Thumb Code    18  stm32f10x_tim.o(.text)
    TIM_GenerateEvent                        0x08002ed9   Thumb Code     4  stm32f10x_tim.o(.text)
    TIM_DMAConfig                            0x08002edd   Thumb Code    10  stm32f10x_tim.o(.text)
    TIM_DMACmd                               0x08002ee7   Thumb Code    18  stm32f10x_tim.o(.text)
    TIM_InternalClockConfig                  0x08002ef9   Thumb Code    12  stm32f10x_tim.o(.text)
    TIM_SelectInputTrigger                   0x08002f05   Thumb Code    18  stm32f10x_tim.o(.text)
    TIM_ITRxExternalClockConfig              0x08002f17   Thumb Code    24  stm32f10x_tim.o(.text)
    TIM_TIxExternalClockConfig               0x08002f2f   Thumb Code    62  stm32f10x_tim.o(.text)
    TIM_ETRConfig                            0x08002f6d   Thumb Code    28  stm32f10x_tim.o(.text)
    TIM_ETRClockMode1Config                  0x08002f89   Thumb Code    54  stm32f10x_tim.o(.text)
    TIM_ETRClockMode2Config                  0x08002fbf   Thumb Code    32  stm32f10x_tim.o(.text)
    TIM_PrescalerConfig                      0x08002fdf   Thumb Code     6  stm32f10x_tim.o(.text)
    TIM_CounterModeConfig                    0x08002fe5   Thumb Code    18  stm32f10x_tim.o(.text)
    TIM_EncoderInterfaceConfig               0x08002ff7   Thumb Code    66  stm32f10x_tim.o(.text)
    TIM_ForcedOC1Config                      0x08003039   Thumb Code    18  stm32f10x_tim.o(.text)
    TIM_ForcedOC2Config                      0x0800304b   Thumb Code    26  stm32f10x_tim.o(.text)
    TIM_ForcedOC3Config                      0x08003065   Thumb Code    18  stm32f10x_tim.o(.text)
    TIM_ForcedOC4Config                      0x08003077   Thumb Code    26  stm32f10x_tim.o(.text)
    TIM_ARRPreloadConfig                     0x08003091   Thumb Code    24  stm32f10x_tim.o(.text)
    TIM_SelectCOM                            0x080030a9   Thumb Code    24  stm32f10x_tim.o(.text)
    TIM_SelectCCDMA                          0x080030c1   Thumb Code    24  stm32f10x_tim.o(.text)
    TIM_CCPreloadControl                     0x080030d9   Thumb Code    24  stm32f10x_tim.o(.text)
    TIM_OC1PreloadConfig                     0x080030f1   Thumb Code    18  stm32f10x_tim.o(.text)
    TIM_OC2PreloadConfig                     0x08003103   Thumb Code    26  stm32f10x_tim.o(.text)
    TIM_OC3PreloadConfig                     0x0800311d   Thumb Code    18  stm32f10x_tim.o(.text)
    TIM_OC4PreloadConfig                     0x0800312f   Thumb Code    26  stm32f10x_tim.o(.text)
    TIM_OC1FastConfig                        0x08003149   Thumb Code    18  stm32f10x_tim.o(.text)
    TIM_OC2FastConfig                        0x0800315b   Thumb Code    26  stm32f10x_tim.o(.text)
    TIM_OC3FastConfig                        0x08003175   Thumb Code    18  stm32f10x_tim.o(.text)
    TIM_OC4FastConfig                        0x08003187   Thumb Code    26  stm32f10x_tim.o(.text)
    TIM_ClearOC1Ref                          0x080031a1   Thumb Code    18  stm32f10x_tim.o(.text)
    TIM_ClearOC2Ref                          0x080031b3   Thumb Code    24  stm32f10x_tim.o(.text)
    TIM_ClearOC3Ref                          0x080031cb   Thumb Code    18  stm32f10x_tim.o(.text)
    TIM_ClearOC4Ref                          0x080031dd   Thumb Code    24  stm32f10x_tim.o(.text)
    TIM_OC1PolarityConfig                    0x080031f5   Thumb Code    18  stm32f10x_tim.o(.text)
    TIM_OC1NPolarityConfig                   0x08003207   Thumb Code    18  stm32f10x_tim.o(.text)
    TIM_OC2PolarityConfig                    0x08003219   Thumb Code    26  stm32f10x_tim.o(.text)
    TIM_OC2NPolarityConfig                   0x08003233   Thumb Code    26  stm32f10x_tim.o(.text)
    TIM_OC3PolarityConfig                    0x0800324d   Thumb Code    26  stm32f10x_tim.o(.text)
    TIM_OC3NPolarityConfig                   0x08003267   Thumb Code    26  stm32f10x_tim.o(.text)
    TIM_OC4PolarityConfig                    0x08003281   Thumb Code    26  stm32f10x_tim.o(.text)
    TIM_CCxCmd                               0x0800329b   Thumb Code    30  stm32f10x_tim.o(.text)
    TIM_CCxNCmd                              0x080032b9   Thumb Code    30  stm32f10x_tim.o(.text)
    TIM_SelectOCxM                           0x080032d7   Thumb Code    82  stm32f10x_tim.o(.text)
    TIM_UpdateDisableConfig                  0x08003329   Thumb Code    24  stm32f10x_tim.o(.text)
    TIM_UpdateRequestConfig                  0x08003341   Thumb Code    24  stm32f10x_tim.o(.text)
    TIM_SelectHallSensor                     0x08003359   Thumb Code    24  stm32f10x_tim.o(.text)
    TIM_SelectOnePulseMode                   0x08003371   Thumb Code    18  stm32f10x_tim.o(.text)
    TIM_SelectOutputTrigger                  0x08003383   Thumb Code    18  stm32f10x_tim.o(.text)
    TIM_SelectSlaveMode                      0x08003395   Thumb Code    18  stm32f10x_tim.o(.text)
    TIM_SelectMasterSlaveMode                0x080033a7   Thumb Code    18  stm32f10x_tim.o(.text)
    TIM_SetCounter                           0x080033b9   Thumb Code     4  stm32f10x_tim.o(.text)
    TIM_SetAutoreload                        0x080033bd   Thumb Code     4  stm32f10x_tim.o(.text)
    TIM_SetCompare1                          0x080033c1   Thumb Code     4  stm32f10x_tim.o(.text)
    TIM_SetCompare2                          0x080033c5   Thumb Code     4  stm32f10x_tim.o(.text)
    TIM_SetCompare3                          0x080033c9   Thumb Code     4  stm32f10x_tim.o(.text)
    TIM_SetCompare4                          0x080033cd   Thumb Code     6  stm32f10x_tim.o(.text)
    TIM_SetClockDivision                     0x080033d3   Thumb Code    18  stm32f10x_tim.o(.text)
    TIM_GetCapture1                          0x080033e5   Thumb Code     6  stm32f10x_tim.o(.text)
    TIM_GetCapture2                          0x080033eb   Thumb Code     6  stm32f10x_tim.o(.text)
    TIM_GetCapture3                          0x080033f1   Thumb Code     6  stm32f10x_tim.o(.text)
    TIM_GetCapture4                          0x080033f7   Thumb Code     8  stm32f10x_tim.o(.text)
    TIM_GetCounter                           0x080033ff   Thumb Code     6  stm32f10x_tim.o(.text)
    TIM_GetPrescaler                         0x08003405   Thumb Code     6  stm32f10x_tim.o(.text)
    TIM_GetFlagStatus                        0x0800340b   Thumb Code    18  stm32f10x_tim.o(.text)
    TIM_ClearFlag                            0x0800341d   Thumb Code     6  stm32f10x_tim.o(.text)
    TIM_GetITStatus                          0x08003423   Thumb Code    34  stm32f10x_tim.o(.text)
    TIM_ClearITPendingBit                    0x08003445   Thumb Code     6  stm32f10x_tim.o(.text)
    ADC_DeInit                               0x0800344d   Thumb Code    78  stm32f10x_adc.o(.text)
    ADC_Init                                 0x0800349b   Thumb Code    70  stm32f10x_adc.o(.text)
    ADC_StructInit                           0x080034e1   Thumb Code    18  stm32f10x_adc.o(.text)
    ADC_Cmd                                  0x080034f3   Thumb Code    22  stm32f10x_adc.o(.text)
    ADC_DMACmd                               0x08003509   Thumb Code    22  stm32f10x_adc.o(.text)
    ADC_ITConfig                             0x0800351f   Thumb Code    24  stm32f10x_adc.o(.text)
    ADC_ResetCalibration                     0x08003537   Thumb Code    10  stm32f10x_adc.o(.text)
    ADC_GetResetCalibrationStatus            0x08003541   Thumb Code    20  stm32f10x_adc.o(.text)
    ADC_StartCalibration                     0x08003555   Thumb Code    10  stm32f10x_adc.o(.text)
    ADC_GetCalibrationStatus                 0x0800355f   Thumb Code    20  stm32f10x_adc.o(.text)
    ADC_SoftwareStartConvCmd                 0x08003573   Thumb Code    22  stm32f10x_adc.o(.text)
    ADC_GetSoftwareStartConvStatus           0x08003589   Thumb Code    20  stm32f10x_adc.o(.text)
    ADC_DiscModeChannelCountConfig           0x0800359d   Thumb Code    24  stm32f10x_adc.o(.text)
    ADC_DiscModeCmd                          0x080035b5   Thumb Code    22  stm32f10x_adc.o(.text)
    ADC_RegularChannelConfig                 0x080035cb   Thumb Code   184  stm32f10x_adc.o(.text)
    ADC_ExternalTrigConvCmd                  0x08003683   Thumb Code    22  stm32f10x_adc.o(.text)
    ADC_GetConversionValue                   0x08003699   Thumb Code     8  stm32f10x_adc.o(.text)
    ADC_GetDualModeConversionValue           0x080036a1   Thumb Code     8  stm32f10x_adc.o(.text)
    ADC_AutoInjectedConvCmd                  0x080036a9   Thumb Code    22  stm32f10x_adc.o(.text)
    ADC_InjectedDiscModeCmd                  0x080036bf   Thumb Code    22  stm32f10x_adc.o(.text)
    ADC_ExternalTrigInjectedConvConfig       0x080036d5   Thumb Code    16  stm32f10x_adc.o(.text)
    ADC_ExternalTrigInjectedConvCmd          0x080036e5   Thumb Code    22  stm32f10x_adc.o(.text)
    ADC_SoftwareStartInjectedConvCmd         0x080036fb   Thumb Code    22  stm32f10x_adc.o(.text)
    ADC_GetSoftwareStartInjectedConvCmdStatus 0x08003711   Thumb Code    20  stm32f10x_adc.o(.text)
    ADC_InjectedChannelConfig                0x08003725   Thumb Code   130  stm32f10x_adc.o(.text)
    ADC_InjectedSequencerLengthConfig        0x080037a7   Thumb Code    24  stm32f10x_adc.o(.text)
    ADC_SetInjectedOffset                    0x080037bf   Thumb Code    20  stm32f10x_adc.o(.text)
    ADC_GetInjectedConversionValue           0x080037d3   Thumb Code    28  stm32f10x_adc.o(.text)
    ADC_AnalogWatchdogCmd                    0x080037ef   Thumb Code    16  stm32f10x_adc.o(.text)
    ADC_AnalogWatchdogThresholdsConfig       0x080037ff   Thumb Code     6  stm32f10x_adc.o(.text)
    ADC_AnalogWatchdogSingleChannelConfig    0x08003805   Thumb Code    16  stm32f10x_adc.o(.text)
    ADC_TempSensorVrefintCmd                 0x08003815   Thumb Code    64  stm32f10x_adc.o(.text)
    ADC_GetFlagStatus                        0x08003855   Thumb Code    18  stm32f10x_adc.o(.text)
    ADC_ClearFlag                            0x08003867   Thumb Code     6  stm32f10x_adc.o(.text)
    ADC_GetITStatus                          0x0800386d   Thumb Code    36  stm32f10x_adc.o(.text)
    ADC_ClearITPendingBit                    0x08003891   Thumb Code    10  stm32f10x_adc.o(.text)
    __use_no_semihosting                     0x0800389b   Thumb Code     2  use_no_semi_2.o(.text)
    __c89vsprintf                            0x0800389d   Thumb Code    32  c89vsprintf.o(.text)
    __2printf                                0x080038c1   Thumb Code    20  __2printf.o(.text)
    __2sprintf                               0x080038d9   Thumb Code    38  __2sprintf.o(.text)
    _printf_pre_padding                      0x08003905   Thumb Code    44  _printf_pad.o(.text)
    _printf_post_padding                     0x08003931   Thumb Code    34  _printf_pad.o(.text)
    _printf_str                              0x08003953   Thumb Code    82  _printf_str.o(.text)
    _printf_int_dec                          0x080039a5   Thumb Code   104  _printf_dec.o(.text)
    _printf_longlong_hex                     0x08003a1d   Thumb Code    86  _printf_hex_int_ll_ptr.o(.text)
    _printf_int_hex                          0x08003a73   Thumb Code    28  _printf_hex_int_ll_ptr.o(.text)
    _printf_ll_hex                           0x08003a8f   Thumb Code    12  _printf_hex_int_ll_ptr.o(.text)
    _printf_hex_ptr                          0x08003a9b   Thumb Code    18  _printf_hex_int_ll_ptr.o(.text)
    __printf                                 0x08003ab1   Thumb Code   388  __printf_flags_ss_wp.o(.text)
    strstr                                   0x08003c39   Thumb Code    36  strstr.o(.text)
    strlen                                   0x08003c5d   Thumb Code    62  strlen.o(.text)
    __use_two_region_memory                  0x08003c9b   Thumb Code     2  heapauxi.o(.text)
    __rt_heap_escrow$2region                 0x08003c9d   Thumb Code     2  heapauxi.o(.text)
    __rt_heap_expand$2region                 0x08003c9f   Thumb Code     2  heapauxi.o(.text)
    __I$use$semihosting                      0x08003ca1   Thumb Code     0  use_no_semi.o(.text)
    __use_no_semihosting_swi                 0x08003ca1   Thumb Code     2  use_no_semi.o(.text)
    __read_errno                             0x08003ca3   Thumb Code    10  _rserrno.o(.text)
    __set_errno                              0x08003cad   Thumb Code    12  _rserrno.o(.text)
    _printf_truncate_signed                  0x08003cb9   Thumb Code    18  _printf_truncate.o(.text)
    _printf_truncate_unsigned                0x08003ccb   Thumb Code    18  _printf_truncate.o(.text)
    _printf_int_common                       0x08003cdd   Thumb Code   178  _printf_intcommon.o(.text)
    _printf_charcount                        0x08003d8f   Thumb Code    40  _printf_charcount.o(.text)
    __lib_sel_fp_printf                      0x08003db7   Thumb Code     2  _printf_fp_dec.o(.text)
    _printf_fp_dec_real                      0x08003f69   Thumb Code   620  _printf_fp_dec.o(.text)
    _printf_char_common                      0x080041df   Thumb Code    32  _printf_char_common.o(.text)
    _sputc                                   0x08004205   Thumb Code    10  _sputc.o(.text)
    _printf_cs_common                        0x0800420f   Thumb Code    20  _printf_char.o(.text)
    _printf_char                             0x08004223   Thumb Code    16  _printf_char.o(.text)
    _printf_string                           0x08004233   Thumb Code     8  _printf_char.o(.text)
    _printf_char_file                        0x0800423d   Thumb Code    32  _printf_char_file.o(.text)
    _printf_wctomb                           0x08004261   Thumb Code   182  _printf_wctomb.o(.text)
    _printf_longlong_dec                     0x0800431d   Thumb Code   108  _printf_longlong_dec.o(.text)
    _printf_longlong_oct                     0x08004399   Thumb Code    66  _printf_oct_int_ll.o(.text)
    _printf_int_oct                          0x080043db   Thumb Code    24  _printf_oct_int_ll.o(.text)
    _printf_ll_oct                           0x080043f3   Thumb Code    12  _printf_oct_int_ll.o(.text)
    __rt_locale                              0x08004409   Thumb Code     8  rt_locale_intlibspace.o(.text)
    __aeabi_errno_addr                       0x08004411   Thumb Code     8  rt_errno_addr_intlibspace.o(.text)
    __errno$intlibspace                      0x08004411   Thumb Code     0  rt_errno_addr_intlibspace.o(.text)
    __rt_errno_addr$intlibspace              0x08004411   Thumb Code     0  rt_errno_addr_intlibspace.o(.text)
    _ll_udiv10                               0x08004419   Thumb Code   138  lludiv10.o(.text)
    _printf_fp_infnan                        0x080044a5   Thumb Code   112  _printf_fp_infnan.o(.text)
    _printf_lcs_common                       0x08004525   Thumb Code    20  _printf_wchar.o(.text)
    _printf_wchar                            0x08004539   Thumb Code    16  _printf_wchar.o(.text)
    _printf_wstring                          0x08004549   Thumb Code     8  _printf_wchar.o(.text)
    _btod_etento                             0x08004551   Thumb Code   224  bigflt0.o(.text)
    ferror                                   0x08004635   Thumb Code     8  ferror.o(.text)
    _wcrtomb                                 0x0800463d   Thumb Code    64  _wcrtomb.o(.text)
    __user_libspace                          0x0800467d   Thumb Code     8  libspace.o(.text)
    __user_perproc_libspace                  0x0800467d   Thumb Code     0  libspace.o(.text)
    __user_perthread_libspace                0x0800467d   Thumb Code     0  libspace.o(.text)
    __user_setup_stackheap                   0x08004685   Thumb Code    74  sys_stackheap_outer.o(.text)
    __rt_ctype_table                         0x080046d1   Thumb Code    16  rt_ctype_table.o(.text)
    exit                                     0x080046e1   Thumb Code    18  exit.o(.text)
    strcmp                                   0x080046f5   Thumb Code   128  strcmpv7m.o(.text)
    _btod_d2e                                0x08004775   Thumb Code    62  btod.o(CL$$btod_d2e)
    _d2e_denorm_low                          0x080047b3   Thumb Code    70  btod.o(CL$$btod_d2e_denorm_low)
    _d2e_norm_op1                            0x080047f9   Thumb Code    96  btod.o(CL$$btod_d2e_norm_op1)
    __btod_div_common                        0x08004859   Thumb Code   696  btod.o(CL$$btod_div_common)
    _e2e                                     0x08004b91   Thumb Code   220  btod.o(CL$$btod_e2e)
    _btod_ediv                               0x08004c6d   Thumb Code    42  btod.o(CL$$btod_ediv)
    _btod_emul                               0x08004c97   Thumb Code    42  btod.o(CL$$btod_emul)
    __btod_mult_common                       0x08004cc1   Thumb Code   580  btod.o(CL$$btod_mult_common)
    __ARM_fpclassify                         0x08004f05   Thumb Code    40  fpclassify.o(i.__ARM_fpclassify)
    __kernel_poly                            0x08004f2d   Thumb Code   170  poly.o(i.__kernel_poly)
    __mathlib_dbl_infnan                     0x08004fd7   Thumb Code     6  dunder.o(i.__mathlib_dbl_infnan)
    __mathlib_dbl_invalid                    0x08004fdd   Thumb Code    12  dunder.o(i.__mathlib_dbl_invalid)
    _is_digit                                0x08004fe9   Thumb Code    14  __printf_wp.o(i._is_digit)
    acos                                     0x08004ff9   Thumb Code   574  acos.o(i.acos)
    sqrt                                     0x08005275   Thumb Code    76  sqrt.o(i.sqrt)
    _get_lc_numeric                          0x080052c1   Thumb Code    44  lc_numeric_c.o(locale$$code)
    _get_lc_ctype                            0x080052ed   Thumb Code    44  lc_ctype_c.o(locale$$code)
    __aeabi_d2f                              0x08005319   Thumb Code     0  d2f.o(x$fpl$d2f)
    _d2f                                     0x08005319   Thumb Code    98  d2f.o(x$fpl$d2f)
    __aeabi_dadd                             0x0800537d   Thumb Code     0  daddsub_clz.o(x$fpl$dadd)
    _dadd                                    0x0800537d   Thumb Code   332  daddsub_clz.o(x$fpl$dadd)
    __fpl_dcheck_NaN1                        0x080054cd   Thumb Code    10  dcheck1.o(x$fpl$dcheck1)
    __aeabi_ddiv                             0x080054dd   Thumb Code     0  ddiv.o(x$fpl$ddiv)
    _ddiv                                    0x080054dd   Thumb Code   552  ddiv.o(x$fpl$ddiv)
    __aeabi_i2d                              0x0800578d   Thumb Code     0  dflt_clz.o(x$fpl$dflt)
    _dflt                                    0x0800578d   Thumb Code    46  dflt_clz.o(x$fpl$dflt)
    __aeabi_dmul                             0x080057bd   Thumb Code     0  dmul.o(x$fpl$dmul)
    _dmul                                    0x080057bd   Thumb Code   332  dmul.o(x$fpl$dmul)
    __fpl_dnaninf                            0x08005911   Thumb Code   156  dnaninf.o(x$fpl$dnaninf)
    __fpl_dretinf                            0x080059ad   Thumb Code    12  dretinf.o(x$fpl$dretinf)
    __aeabi_drsub                            0x080059b9   Thumb Code     0  daddsub_clz.o(x$fpl$drsb)
    _drsb                                    0x080059b9   Thumb Code    22  daddsub_clz.o(x$fpl$drsb)
    _dsqrt                                   0x080059d1   Thumb Code   456  dsqrt_noumaal.o(x$fpl$dsqrt)
    __aeabi_dsub                             0x08005b9d   Thumb Code     0  daddsub_clz.o(x$fpl$dsub)
    _dsub                                    0x08005b9d   Thumb Code   464  daddsub_clz.o(x$fpl$dsub)
    __aeabi_f2iz                             0x08005d71   Thumb Code     0  ffix.o(x$fpl$ffix)
    _ffix                                    0x08005d71   Thumb Code    54  ffix.o(x$fpl$ffix)
    __aeabi_fmul                             0x08005da9   Thumb Code     0  fmul.o(x$fpl$fmul)
    _fmul                                    0x08005da9   Thumb Code   258  fmul.o(x$fpl$fmul)
    __fpl_fnaninf                            0x08005eab   Thumb Code   140  fnaninf.o(x$fpl$fnaninf)
    __fpl_fretinf                            0x08005f37   Thumb Code    10  fretinf.o(x$fpl$fretinf)
    _printf_fp_dec                           0x08005f41   Thumb Code     4  printf1.o(x$fpl$printf1)
    __fpl_return_NaN                         0x08005f45   Thumb Code   100  retnan.o(x$fpl$retnan)
    __ARM_scalbn                             0x08005fa9   Thumb Code    92  scalbn.o(x$fpl$scalbn)
    __fpl_cmpreturn                          0x08006005   Thumb Code    48  trapv.o(x$fpl$trapveneer)
    __I$use$fp                               0x08006034   Number         0  usenofp.o(x$fpl$usenofp)
    Region$$Table$$Base                      0x0800633c   Number         0  anon$$obj.o(Region$$Table)
    Region$$Table$$Limit                     0x0800635c   Number         0  anon$$obj.o(Region$$Table)
    __ctype                                  0x08006385   Data           0  lc_ctype_c.o(locale$$data)
    SystemCoreClock                          0x20000000   Data           4  system_stm32f10x.o(.data)
    AHBPrescTable                            0x20000004   Data          16  system_stm32f10x.o(.data)
    TIM2CH1_CAPTURE_STA                      0x20000014   Data           1  timer.o(.data)
    TIM2CH1_CAPTURE_VAL                      0x20000016   Data           2  timer.o(.data)
    USART3_RX_STA                            0x20000018   Data           2  usart3.o(.data)
    __stdout                                 0x20000020   Data           4  usart.o(.data)
    USART2_RX_STA                            0x20000024   Data           2  usart.o(.data)
    USART_RX_STA                             0x20000026   Data           2  usart.o(.data)
    USART3_RX_BUF                            0x20000040   Data         600  usart3.o(.bss)
    USART3_TX_BUF                            0x20000298   Data         600  usart3.o(.bss)
    USART2_RX_BUF                            0x200004f0   Data         200  usart.o(.bss)
    USART_RX_BUF                             0x200005b8   Data         200  usart.o(.bss)
    __libspace_start                         0x20000680   Data          96  libspace.o(.bss)
    __temporary_stack_top$libspace           0x200006e0   Data           0  libspace.o(.bss)



==============================================================================

Memory Map of the image

  Image Entry point : 0x080000ed

  Load Region LR_IROM1 (Base: 0x08000000, Size: 0x000064c8, Max: 0x00010000, ABSOLUTE)

    Execution Region ER_IROM1 (Exec base: 0x08000000, Load base: 0x08000000, Size: 0x00006488, Max: 0x00010000, ABSOLUTE)

    Exec Addr    Load Addr    Size         Type   Attr      Idx    E Section Name        Object

    0x08000000   0x08000000   0x000000ec   Data   RO          393    RESET               startup_stm32f10x_md.o
    0x080000ec   0x080000ec   0x00000008   Code   RO          552  * !!!main             c_w.l(__main.o)
    0x080000f4   0x080000f4   0x00000034   Code   RO          982    !!!scatter          c_w.l(__scatter.o)
    0x08000128   0x08000128   0x0000001a   Code   RO          984    !!handler_copy      c_w.l(__scatter_copy.o)
    0x08000142   0x08000142   0x00000002   PAD
    0x08000144   0x08000144   0x0000001c   Code   RO          986    !!handler_zi        c_w.l(__scatter_zi.o)
    0x08000160   0x08000160   0x00000000   Code   RO          541    .ARM.Collect$$_printf_percent$$00000000  c_w.l(_printf_percent.o)
    0x08000160   0x08000160   0x00000006   Code   RO          673    .ARM.Collect$$_printf_percent$$00000001  c_w.l(_printf_n.o)
    0x08000166   0x08000166   0x00000006   Code   RO          674    .ARM.Collect$$_printf_percent$$00000002  c_w.l(_printf_p.o)
    0x0800016c   0x0800016c   0x00000006   Code   RO          540    .ARM.Collect$$_printf_percent$$00000003  c_w.l(_printf_f.o)
    0x08000172   0x08000172   0x00000006   Code   RO          678    .ARM.Collect$$_printf_percent$$00000004  c_w.l(_printf_e.o)
    0x08000178   0x08000178   0x00000006   Code   RO          679    .ARM.Collect$$_printf_percent$$00000005  c_w.l(_printf_g.o)
    0x0800017e   0x0800017e   0x00000006   Code   RO          680    .ARM.Collect$$_printf_percent$$00000006  c_w.l(_printf_a.o)
    0x08000184   0x08000184   0x0000000a   Code   RO          685    .ARM.Collect$$_printf_percent$$00000007  c_w.l(_printf_ll.o)
    0x0800018e   0x0800018e   0x00000006   Code   RO          676    .ARM.Collect$$_printf_percent$$00000008  c_w.l(_printf_i.o)
    0x08000194   0x08000194   0x00000006   Code   RO          539    .ARM.Collect$$_printf_percent$$00000009  c_w.l(_printf_d.o)
    0x0800019a   0x0800019a   0x00000006   Code   RO          677    .ARM.Collect$$_printf_percent$$0000000A  c_w.l(_printf_u.o)
    0x080001a0   0x080001a0   0x00000006   Code   RO          675    .ARM.Collect$$_printf_percent$$0000000B  c_w.l(_printf_o.o)
    0x080001a6   0x080001a6   0x00000006   Code   RO          538    .ARM.Collect$$_printf_percent$$0000000C  c_w.l(_printf_x.o)
    0x080001ac   0x080001ac   0x00000006   Code   RO          682    .ARM.Collect$$_printf_percent$$0000000D  c_w.l(_printf_lli.o)
    0x080001b2   0x080001b2   0x00000006   Code   RO          683    .ARM.Collect$$_printf_percent$$0000000E  c_w.l(_printf_lld.o)
    0x080001b8   0x080001b8   0x00000006   Code   RO          684    .ARM.Collect$$_printf_percent$$0000000F  c_w.l(_printf_llu.o)
    0x080001be   0x080001be   0x00000006   Code   RO          689    .ARM.Collect$$_printf_percent$$00000010  c_w.l(_printf_llo.o)
    0x080001c4   0x080001c4   0x00000006   Code   RO          690    .ARM.Collect$$_printf_percent$$00000011  c_w.l(_printf_llx.o)
    0x080001ca   0x080001ca   0x0000000a   Code   RO          686    .ARM.Collect$$_printf_percent$$00000012  c_w.l(_printf_l.o)
    0x080001d4   0x080001d4   0x00000006   Code   RO          672    .ARM.Collect$$_printf_percent$$00000013  c_w.l(_printf_c.o)
    0x080001da   0x080001da   0x00000006   Code   RO          537    .ARM.Collect$$_printf_percent$$00000014  c_w.l(_printf_s.o)
    0x080001e0   0x080001e0   0x00000006   Code   RO          687    .ARM.Collect$$_printf_percent$$00000015  c_w.l(_printf_lc.o)
    0x080001e6   0x080001e6   0x00000006   Code   RO          688    .ARM.Collect$$_printf_percent$$00000016  c_w.l(_printf_ls.o)
    0x080001ec   0x080001ec   0x00000004   Code   RO          681    .ARM.Collect$$_printf_percent$$00000017  c_w.l(_printf_percent_end.o)
    0x080001f0   0x080001f0   0x00000002   Code   RO          846    .ARM.Collect$$libinit$$00000000  c_w.l(libinit.o)
    0x080001f2   0x080001f2   0x00000000   Code   RO          848    .ARM.Collect$$libinit$$00000002  c_w.l(libinit2.o)
    0x080001f2   0x080001f2   0x00000000   Code   RO          850    .ARM.Collect$$libinit$$00000004  c_w.l(libinit2.o)
    0x080001f2   0x080001f2   0x00000000   Code   RO          853    .ARM.Collect$$libinit$$0000000A  c_w.l(libinit2.o)
    0x080001f2   0x080001f2   0x00000000   Code   RO          855    .ARM.Collect$$libinit$$0000000C  c_w.l(libinit2.o)
    0x080001f2   0x080001f2   0x00000000   Code   RO          857    .ARM.Collect$$libinit$$0000000E  c_w.l(libinit2.o)
    0x080001f2   0x080001f2   0x00000006   Code   RO          858    .ARM.Collect$$libinit$$0000000F  c_w.l(libinit2.o)
    0x080001f8   0x080001f8   0x00000000   Code   RO          860    .ARM.Collect$$libinit$$00000011  c_w.l(libinit2.o)
    0x080001f8   0x080001f8   0x0000000c   Code   RO          861    .ARM.Collect$$libinit$$00000012  c_w.l(libinit2.o)
    0x08000204   0x08000204   0x00000000   Code   RO          862    .ARM.Collect$$libinit$$00000013  c_w.l(libinit2.o)
    0x08000204   0x08000204   0x00000000   Code   RO          864    .ARM.Collect$$libinit$$00000015  c_w.l(libinit2.o)
    0x08000204   0x08000204   0x0000000a   Code   RO          865    .ARM.Collect$$libinit$$00000016  c_w.l(libinit2.o)
    0x0800020e   0x0800020e   0x00000000   Code   RO          866    .ARM.Collect$$libinit$$00000017  c_w.l(libinit2.o)
    0x0800020e   0x0800020e   0x00000000   Code   RO          868    .ARM.Collect$$libinit$$00000019  c_w.l(libinit2.o)
    0x0800020e   0x0800020e   0x00000000   Code   RO          870    .ARM.Collect$$libinit$$0000001B  c_w.l(libinit2.o)
    0x0800020e   0x0800020e   0x00000000   Code   RO          872    .ARM.Collect$$libinit$$0000001D  c_w.l(libinit2.o)
    0x0800020e   0x0800020e   0x00000000   Code   RO          874    .ARM.Collect$$libinit$$0000001F  c_w.l(libinit2.o)
    0x0800020e   0x0800020e   0x00000000   Code   RO          876    .ARM.Collect$$libinit$$00000021  c_w.l(libinit2.o)
    0x0800020e   0x0800020e   0x00000000   Code   RO          878    .ARM.Collect$$libinit$$00000023  c_w.l(libinit2.o)
    0x0800020e   0x0800020e   0x00000000   Code   RO          880    .ARM.Collect$$libinit$$00000025  c_w.l(libinit2.o)
    0x0800020e   0x0800020e   0x00000000   Code   RO          884    .ARM.Collect$$libinit$$0000002C  c_w.l(libinit2.o)
    0x0800020e   0x0800020e   0x00000000   Code   RO          886    .ARM.Collect$$libinit$$0000002E  c_w.l(libinit2.o)
    0x0800020e   0x0800020e   0x00000000   Code   RO          888    .ARM.Collect$$libinit$$00000030  c_w.l(libinit2.o)
    0x0800020e   0x0800020e   0x00000000   Code   RO          890    .ARM.Collect$$libinit$$00000032  c_w.l(libinit2.o)
    0x0800020e   0x0800020e   0x00000002   Code   RO          891    .ARM.Collect$$libinit$$00000033  c_w.l(libinit2.o)
    0x08000210   0x08000210   0x00000002   Code   RO          940    .ARM.Collect$$libshutdown$$00000000  c_w.l(libshutdown.o)
    0x08000212   0x08000212   0x00000000   Code   RO          949    .ARM.Collect$$libshutdown$$00000002  c_w.l(libshutdown2.o)
    0x08000212   0x08000212   0x00000000   Code   RO          951    .ARM.Collect$$libshutdown$$00000004  c_w.l(libshutdown2.o)
    0x08000212   0x08000212   0x00000000   Code   RO          953    .ARM.Collect$$libshutdown$$00000006  c_w.l(libshutdown2.o)
    0x08000212   0x08000212   0x00000000   Code   RO          956    .ARM.Collect$$libshutdown$$00000009  c_w.l(libshutdown2.o)
    0x08000212   0x08000212   0x00000000   Code   RO          959    .ARM.Collect$$libshutdown$$0000000C  c_w.l(libshutdown2.o)
    0x08000212   0x08000212   0x00000000   Code   RO          961    .ARM.Collect$$libshutdown$$0000000E  c_w.l(libshutdown2.o)
    0x08000212   0x08000212   0x00000000   Code   RO          964    .ARM.Collect$$libshutdown$$00000011  c_w.l(libshutdown2.o)
    0x08000212   0x08000212   0x00000002   Code   RO          965    .ARM.Collect$$libshutdown$$00000012  c_w.l(libshutdown2.o)
    0x08000214   0x08000214   0x00000000   Code   RO          640    .ARM.Collect$$rtentry$$00000000  c_w.l(__rtentry.o)
    0x08000214   0x08000214   0x00000000   Code   RO          746    .ARM.Collect$$rtentry$$00000002  c_w.l(__rtentry2.o)
    0x08000214   0x08000214   0x00000006   Code   RO          758    .ARM.Collect$$rtentry$$00000004  c_w.l(__rtentry4.o)
    0x0800021a   0x0800021a   0x00000000   Code   RO          748    .ARM.Collect$$rtentry$$00000009  c_w.l(__rtentry2.o)
    0x0800021a   0x0800021a   0x00000004   Code   RO          749    .ARM.Collect$$rtentry$$0000000A  c_w.l(__rtentry2.o)
    0x0800021e   0x0800021e   0x00000000   Code   RO          751    .ARM.Collect$$rtentry$$0000000C  c_w.l(__rtentry2.o)
    0x0800021e   0x0800021e   0x00000008   Code   RO          752    .ARM.Collect$$rtentry$$0000000D  c_w.l(__rtentry2.o)
    0x08000226   0x08000226   0x00000002   Code   RO          894    .ARM.Collect$$rtexit$$00000000  c_w.l(rtexit.o)
    0x08000228   0x08000228   0x00000000   Code   RO          910    .ARM.Collect$$rtexit$$00000002  c_w.l(rtexit2.o)
    0x08000228   0x08000228   0x00000004   Code   RO          911    .ARM.Collect$$rtexit$$00000003  c_w.l(rtexit2.o)
    0x0800022c   0x0800022c   0x00000006   Code   RO          912    .ARM.Collect$$rtexit$$00000004  c_w.l(rtexit2.o)
    0x08000232   0x08000232   0x00000002   PAD
    0x08000234   0x08000234   0x00000514   Code   RO            1    .text               main.o
    0x08000748   0x08000748   0x0000001a   Code   RO          105    .text               stm32f10x_it.o
    0x08000762   0x08000762   0x00000002   PAD
    0x08000764   0x08000764   0x000001e0   Code   RO          140    .text               system_stm32f10x.o
    0x08000944   0x08000944   0x00000038   Code   RO          158    .text               led.o
    0x0800097c   0x0800097c   0x000002b0   Code   RO          170    .text               timer.o
    0x08000c2c   0x08000c2c   0x000001ac   Code   RO          189    .text               usart3.o
    0x08000dd8   0x08000dd8   0x000000e8   Code   RO          235    .text               adc.o
    0x08000ec0   0x08000ec0   0x000001a0   Code   RO          247    .text               dht11.o
    0x08001060   0x08001060   0x000003ac   Code   RO          259    .text               mpu6050.o
    0x0800140c   0x0800140c   0x0000026c   Code   RO          271    .text               mpuiic.o
    0x08001678   0x08001678   0x000000d4   Code   RO          331    .text               delay.o
    0x0800174c   0x0800174c   0x0000000c   Code   RO          345    .text               sys.o
    0x08001758   0x08001758   0x000002b4   Code   RO          357    .text               usart.o
    0x08001a0c   0x08001a0c   0x00000040   Code   RO          394    .text               startup_stm32f10x_md.o
    0x08001a4c   0x08001a4c   0x0000035c   Code   RO          398    .text               stm32f10x_gpio.o
    0x08001da8   0x08001da8   0x000003a4   Code   RO          410    .text               stm32f10x_rcc.o
    0x0800214c   0x0800214c   0x00000408   Code   RO          424    .text               stm32f10x_usart.o
    0x08002554   0x08002554   0x000000dc   Code   RO          436    .text               misc.o
    0x08002630   0x08002630   0x00000e1a   Code   RO          448    .text               stm32f10x_tim.o
    0x0800344a   0x0800344a   0x00000002   PAD
    0x0800344c   0x0800344c   0x0000044e   Code   RO          460    .text               stm32f10x_adc.o
    0x0800389a   0x0800389a   0x00000002   Code   RO          474    .text               c_w.l(use_no_semi_2.o)
    0x0800389c   0x0800389c   0x00000024   Code   RO          478    .text               c_w.l(c89vsprintf.o)
    0x080038c0   0x080038c0   0x00000018   Code   RO          480    .text               c_w.l(__2printf.o)
    0x080038d8   0x080038d8   0x0000002c   Code   RO          482    .text               c_w.l(__2sprintf.o)
    0x08003904   0x08003904   0x0000004e   Code   RO          490    .text               c_w.l(_printf_pad.o)
    0x08003952   0x08003952   0x00000052   Code   RO          492    .text               c_w.l(_printf_str.o)
    0x080039a4   0x080039a4   0x00000078   Code   RO          494    .text               c_w.l(_printf_dec.o)
    0x08003a1c   0x08003a1c   0x00000094   Code   RO          514    .text               c_w.l(_printf_hex_int_ll_ptr.o)
    0x08003ab0   0x08003ab0   0x00000188   Code   RO          534    .text               c_w.l(__printf_flags_ss_wp.o)
    0x08003c38   0x08003c38   0x00000024   Code   RO          542    .text               c_w.l(strstr.o)
    0x08003c5c   0x08003c5c   0x0000003e   Code   RO          546    .text               c_w.l(strlen.o)
    0x08003c9a   0x08003c9a   0x00000006   Code   RO          550    .text               c_w.l(heapauxi.o)
    0x08003ca0   0x08003ca0   0x00000002   Code   RO          638    .text               c_w.l(use_no_semi.o)
    0x08003ca2   0x08003ca2   0x00000016   Code   RO          643    .text               c_w.l(_rserrno.o)
    0x08003cb8   0x08003cb8   0x00000024   Code   RO          645    .text               c_w.l(_printf_truncate.o)
    0x08003cdc   0x08003cdc   0x000000b2   Code   RO          647    .text               c_w.l(_printf_intcommon.o)
    0x08003d8e   0x08003d8e   0x00000028   Code   RO          649    .text               c_w.l(_printf_charcount.o)
    0x08003db6   0x08003db6   0x0000041e   Code   RO          651    .text               c_w.l(_printf_fp_dec.o)
    0x080041d4   0x080041d4   0x00000030   Code   RO          653    .text               c_w.l(_printf_char_common.o)
    0x08004204   0x08004204   0x0000000a   Code   RO          655    .text               c_w.l(_sputc.o)
    0x0800420e   0x0800420e   0x0000002c   Code   RO          657    .text               c_w.l(_printf_char.o)
    0x0800423a   0x0800423a   0x00000002   PAD
    0x0800423c   0x0800423c   0x00000024   Code   RO          659    .text               c_w.l(_printf_char_file.o)
    0x08004260   0x08004260   0x000000bc   Code   RO          661    .text               c_w.l(_printf_wctomb.o)
    0x0800431c   0x0800431c   0x0000007c   Code   RO          664    .text               c_w.l(_printf_longlong_dec.o)
    0x08004398   0x08004398   0x00000070   Code   RO          670    .text               c_w.l(_printf_oct_int_ll.o)
    0x08004408   0x08004408   0x00000008   Code   RO          767    .text               c_w.l(rt_locale_intlibspace.o)
    0x08004410   0x08004410   0x00000008   Code   RO          772    .text               c_w.l(rt_errno_addr_intlibspace.o)
    0x08004418   0x08004418   0x0000008a   Code   RO          774    .text               c_w.l(lludiv10.o)
    0x080044a2   0x080044a2   0x00000002   PAD
    0x080044a4   0x080044a4   0x00000080   Code   RO          776    .text               c_w.l(_printf_fp_infnan.o)
    0x08004524   0x08004524   0x0000002c   Code   RO          780    .text               c_w.l(_printf_wchar.o)
    0x08004550   0x08004550   0x000000e4   Code   RO          782    .text               c_w.l(bigflt0.o)
    0x08004634   0x08004634   0x00000008   Code   RO          807    .text               c_w.l(ferror.o)
    0x0800463c   0x0800463c   0x00000040   Code   RO          811    .text               c_w.l(_wcrtomb.o)
    0x0800467c   0x0800467c   0x00000008   Code   RO          828    .text               c_w.l(libspace.o)
    0x08004684   0x08004684   0x0000004a   Code   RO          831    .text               c_w.l(sys_stackheap_outer.o)
    0x080046ce   0x080046ce   0x00000002   PAD
    0x080046d0   0x080046d0   0x00000010   Code   RO          833    .text               c_w.l(rt_ctype_table.o)
    0x080046e0   0x080046e0   0x00000012   Code   RO          837    .text               c_w.l(exit.o)
    0x080046f2   0x080046f2   0x00000002   PAD
    0x080046f4   0x080046f4   0x00000080   Code   RO          839    .text               c_w.l(strcmpv7m.o)
    0x08004774   0x08004774   0x0000003e   Code   RO          785    CL$$btod_d2e        c_w.l(btod.o)
    0x080047b2   0x080047b2   0x00000046   Code   RO          787    CL$$btod_d2e_denorm_low  c_w.l(btod.o)
    0x080047f8   0x080047f8   0x00000060   Code   RO          786    CL$$btod_d2e_norm_op1  c_w.l(btod.o)
    0x08004858   0x08004858   0x00000338   Code   RO          795    CL$$btod_div_common  c_w.l(btod.o)
    0x08004b90   0x08004b90   0x000000dc   Code   RO          792    CL$$btod_e2e        c_w.l(btod.o)
    0x08004c6c   0x08004c6c   0x0000002a   Code   RO          789    CL$$btod_ediv       c_w.l(btod.o)
    0x08004c96   0x08004c96   0x0000002a   Code   RO          788    CL$$btod_emul       c_w.l(btod.o)
    0x08004cc0   0x08004cc0   0x00000244   Code   RO          794    CL$$btod_mult_common  c_w.l(btod.o)
    0x08004f04   0x08004f04   0x00000028   Code   RO          732    i.__ARM_fpclassify  m_ws.l(fpclassify.o)
    0x08004f2c   0x08004f2c   0x000000aa   Code   RO          734    i.__kernel_poly     m_ws.l(poly.o)
    0x08004fd6   0x08004fd6   0x00000006   Code   RO          719    i.__mathlib_dbl_infnan  m_ws.l(dunder.o)
    0x08004fdc   0x08004fdc   0x0000000c   Code   RO          721    i.__mathlib_dbl_invalid  m_ws.l(dunder.o)
    0x08004fe8   0x08004fe8   0x0000000e   Code   RO          527    i._is_digit         c_w.l(__printf_wp.o)
    0x08004ff6   0x08004ff6   0x00000002   PAD
    0x08004ff8   0x08004ff8   0x0000027c   Code   RO          611    i.acos              m_ws.l(acos.o)
    0x08005274   0x08005274   0x0000004c   Code   RO          738    i.sqrt              m_ws.l(sqrt.o)
    0x080052c0   0x080052c0   0x0000002c   Code   RO          814    locale$$code        c_w.l(lc_numeric_c.o)
    0x080052ec   0x080052ec   0x0000002c   Code   RO          897    locale$$code        c_w.l(lc_ctype_c.o)
    0x08005318   0x08005318   0x00000062   Code   RO          554    x$fpl$d2f           fz_ws.l(d2f.o)
    0x0800537a   0x0800537a   0x00000002   PAD
    0x0800537c   0x0800537c   0x00000150   Code   RO          556    x$fpl$dadd          fz_ws.l(daddsub_clz.o)
    0x080054cc   0x080054cc   0x00000010   Code   RO          818    x$fpl$dcheck1       fz_ws.l(dcheck1.o)
    0x080054dc   0x080054dc   0x000002b0   Code   RO          563    x$fpl$ddiv          fz_ws.l(ddiv.o)
    0x0800578c   0x0800578c   0x0000002e   Code   RO          567    x$fpl$dflt          fz_ws.l(dflt_clz.o)
    0x080057ba   0x080057ba   0x00000002   PAD
    0x080057bc   0x080057bc   0x00000154   Code   RO          572    x$fpl$dmul          fz_ws.l(dmul.o)
    0x08005910   0x08005910   0x0000009c   Code   RO          695    x$fpl$dnaninf       fz_ws.l(dnaninf.o)
    0x080059ac   0x080059ac   0x0000000c   Code   RO          697    x$fpl$dretinf       fz_ws.l(dretinf.o)
    0x080059b8   0x080059b8   0x00000016   Code   RO          557    x$fpl$drsb          fz_ws.l(daddsub_clz.o)
    0x080059ce   0x080059ce   0x00000002   PAD
    0x080059d0   0x080059d0   0x000001cc   Code   RO          824    x$fpl$dsqrt         fz_ws.l(dsqrt_noumaal.o)
    0x08005b9c   0x08005b9c   0x000001d4   Code   RO          558    x$fpl$dsub          fz_ws.l(daddsub_clz.o)
    0x08005d70   0x08005d70   0x00000036   Code   RO          588    x$fpl$ffix          fz_ws.l(ffix.o)
    0x08005da6   0x08005da6   0x00000002   PAD
    0x08005da8   0x08005da8   0x00000102   Code   RO          604    x$fpl$fmul          fz_ws.l(fmul.o)
    0x08005eaa   0x08005eaa   0x0000008c   Code   RO          701    x$fpl$fnaninf       fz_ws.l(fnaninf.o)
    0x08005f36   0x08005f36   0x0000000a   Code   RO          703    x$fpl$fretinf       fz_ws.l(fretinf.o)
    0x08005f40   0x08005f40   0x00000004   Code   RO          608    x$fpl$printf1       fz_ws.l(printf1.o)
    0x08005f44   0x08005f44   0x00000064   Code   RO          892    x$fpl$retnan        fz_ws.l(retnan.o)
    0x08005fa8   0x08005fa8   0x0000005c   Code   RO          705    x$fpl$scalbn        fz_ws.l(scalbn.o)
    0x08006004   0x08006004   0x00000030   Code   RO          907    x$fpl$trapveneer    fz_ws.l(trapv.o)
    0x08006034   0x08006034   0x00000000   Code   RO          707    x$fpl$usenofp       fz_ws.l(usenofp.o)
    0x08006034   0x08006034   0x00000028   Data   RO          515    .constdata          c_w.l(_printf_hex_int_ll_ptr.o)
    0x0800605c   0x0800605c   0x00000011   Data   RO          535    .constdata          c_w.l(__printf_flags_ss_wp.o)
    0x0800606d   0x0800606d   0x00000003   PAD
    0x08006070   0x08006070   0x00000050   Data   RO          612    .constdata          m_ws.l(acos.o)
    0x080060c0   0x080060c0   0x00000008   Data   RO          662    .constdata          c_w.l(_printf_wctomb.o)
    0x080060c8   0x080060c8   0x00000094   Data   RO          783    .constdata          c_w.l(bigflt0.o)
    0x0800615c   0x0800615c   0x000001df   Data   RO            2    .conststring        main.o
    0x0800633b   0x0800633b   0x00000001   PAD
    0x0800633c   0x0800633c   0x00000020   Data   RO          980    Region$$Table       anon$$obj.o
    0x0800635c   0x0800635c   0x0000001c   Data   RO          813    locale$$data        c_w.l(lc_numeric_c.o)
    0x08006378   0x08006378   0x00000110   Data   RO          896    locale$$data        c_w.l(lc_ctype_c.o)


    Execution Region RW_IRAM1 (Exec base: 0x20000000, Load base: 0x08006488, Size: 0x00000ce0, Max: 0x00005000, ABSOLUTE)

    Exec Addr    Load Addr    Size         Type   Attr      Idx    E Section Name        Object

    0x20000000   0x08006488   0x00000014   Data   RW          141    .data               system_stm32f10x.o
    0x20000014   0x0800649c   0x00000004   Data   RW          171    .data               timer.o
    0x20000018   0x080064a0   0x00000002   Data   RW          191    .data               usart3.o
    0x2000001a   0x080064a2   0x00000004   Data   RW          332    .data               delay.o
    0x2000001e   0x080064a6   0x00000002   PAD
    0x20000020   0x080064a8   0x00000009   Data   RW          359    .data               usart.o
    0x20000029   0x080064b1   0x00000014   Data   RW          411    .data               stm32f10x_rcc.o
    0x2000003d   0x080064c5   0x00000003   PAD
    0x20000040        -       0x000004b0   Zero   RW          190    .bss                usart3.o
    0x200004f0        -       0x00000190   Zero   RW          358    .bss                usart.o
    0x20000680        -       0x00000060   Zero   RW          829    .bss                c_w.l(libspace.o)
    0x200006e0        -       0x00000200   Zero   RW          392    HEAP                startup_stm32f10x_md.o
    0x200008e0        -       0x00000400   Zero   RW          391    STACK               startup_stm32f10x_md.o


==============================================================================

Image component sizes


      Code (inc. data)   RO Data    RW Data    ZI Data      Debug   Object Name

       232          8          0          0          0       1071   adc.o
         0          0          0          0          0         32   core_cm3.o
       212         18          0          4          0        971   delay.o
       416         12          0          0          0       2074   dht11.o
        56          8          0          0          0        451   led.o
      1300        354        479          0          0     263462   main.o
       220         22          0          0          0       1733   misc.o
       940         28          0          0          0       4387   mpu6050.o
       620         14          0          0          0       2030   mpuiic.o
        64         26        236          0       1536        764   startup_stm32f10x_md.o
      1102         26          0          0          0      10977   stm32f10x_adc.o
       860         38          0          0          0       5665   stm32f10x_gpio.o
        26          0          0          0          0       1146   stm32f10x_it.o
       932         36          0         20          0       8812   stm32f10x_rcc.o
      3610         88          0          0          0      22776   stm32f10x_tim.o
      1032         22          0          0          0       8392   stm32f10x_usart.o
        12          0          0          0          0        417   sys.o
       480         38          0         20          0       1635   system_stm32f10x.o
       688         34          0          4          0       2050   timer.o
       692         32          0          9        400       4360   usart.o
       428         26          0          2       1200       2740   usart3.o

    ----------------------------------------------------------------------
     13926        830        748         64       3136     345945   Object Totals
         0          0         32          0          0          0   (incl. Generated)
         4          0          1          5          0          0   (incl. Padding)

    ----------------------------------------------------------------------

      Code (inc. data)   RO Data    RW Data    ZI Data      Debug   Library Member Name

        24          4          0          0          0         84   __2printf.o
        44          6          0          0          0         84   __2sprintf.o
         8          0          0          0          0         68   __main.o
       392          4         17          0          0         92   __printf_flags_ss_wp.o
        14          0          0          0          0         68   __printf_wp.o
         0          0          0          0          0          0   __rtentry.o
        12          0          0          0          0          0   __rtentry2.o
         6          0          0          0          0          0   __rtentry4.o
        52          8          0          0          0          0   __scatter.o
        26          0          0          0          0          0   __scatter_copy.o
        28          0          0          0          0          0   __scatter_zi.o
         6          0          0          0          0          0   _printf_a.o
         6          0          0          0          0          0   _printf_c.o
        44          0          0          0          0        108   _printf_char.o
        48          6          0          0          0         96   _printf_char_common.o
        36          4          0          0          0         80   _printf_char_file.o
        40          0          0          0          0         68   _printf_charcount.o
         6          0          0          0          0          0   _printf_d.o
       120         16          0          0          0         92   _printf_dec.o
         6          0          0          0          0          0   _printf_e.o
         6          0          0          0          0          0   _printf_f.o
      1054          0          0          0          0        216   _printf_fp_dec.o
       128         16          0          0          0         84   _printf_fp_infnan.o
         6          0          0          0          0          0   _printf_g.o
       148          4         40          0          0        160   _printf_hex_int_ll_ptr.o
         6          0          0          0          0          0   _printf_i.o
       178          0          0          0          0         88   _printf_intcommon.o
        10          0          0          0          0          0   _printf_l.o
         6          0          0          0          0          0   _printf_lc.o
        10          0          0          0          0          0   _printf_ll.o
         6          0          0          0          0          0   _printf_lld.o
         6          0          0          0          0          0   _printf_lli.o
         6          0          0          0          0          0   _printf_llo.o
         6          0          0          0          0          0   _printf_llu.o
         6          0          0          0          0          0   _printf_llx.o
       124         16          0          0          0         92   _printf_longlong_dec.o
         6          0          0          0          0          0   _printf_ls.o
         6          0          0          0          0          0   _printf_n.o
         6          0          0          0          0          0   _printf_o.o
       112         10          0          0          0        124   _printf_oct_int_ll.o
         6          0          0          0          0          0   _printf_p.o
        78          0          0          0          0        108   _printf_pad.o
         0          0          0          0          0          0   _printf_percent.o
         4          0          0          0          0          0   _printf_percent_end.o
         6          0          0          0          0          0   _printf_s.o
        82          0          0          0          0         80   _printf_str.o
        36          0          0          0          0         84   _printf_truncate.o
         6          0          0          0          0          0   _printf_u.o
        44          0          0          0          0        108   _printf_wchar.o
       188          6          8          0          0         92   _printf_wctomb.o
         6          0          0          0          0          0   _printf_x.o
        22          0          0          0          0        100   _rserrno.o
        10          0          0          0          0         68   _sputc.o
        64          0          0          0          0         92   _wcrtomb.o
       228          4        148          0          0         96   bigflt0.o
      1936        128          0          0          0        672   btod.o
        36          4          0          0          0         76   c89vsprintf.o
        18          0          0          0          0         80   exit.o
         8          0          0          0          0         68   ferror.o
         6          0          0          0          0        152   heapauxi.o
        44         10        272          0          0         76   lc_ctype_c.o
        44         10         28          0          0         76   lc_numeric_c.o
         2          0          0          0          0          0   libinit.o
        30          0          0          0          0          0   libinit2.o
         2          0          0          0          0          0   libshutdown.o
         2          0          0          0          0          0   libshutdown2.o
         8          4          0          0         96         68   libspace.o
       138          0          0          0          0         80   lludiv10.o
        16          4          0          0          0         76   rt_ctype_table.o
         8          4          0          0          0         68   rt_errno_addr_intlibspace.o
         8          4          0          0          0         68   rt_locale_intlibspace.o
         2          0          0          0          0          0   rtexit.o
        10          0          0          0          0          0   rtexit2.o
       128          0          0          0          0         68   strcmpv7m.o
        62          0          0          0          0         76   strlen.o
        36          0          0          0          0         80   strstr.o
        74          0          0          0          0         80   sys_stackheap_outer.o
         2          0          0          0          0         68   use_no_semi.o
         2          0          0          0          0         68   use_no_semi_2.o
        98          4          0          0          0         92   d2f.o
       826         16          0          0          0        348   daddsub_clz.o
        16          4          0          0          0         68   dcheck1.o
       688        140          0          0          0        208   ddiv.o
        46          0          0          0          0         68   dflt_clz.o
       340         12          0          0          0        104   dmul.o
       156          4          0          0          0         92   dnaninf.o
        12          0          0          0          0         68   dretinf.o
       460         56          0          0          0        120   dsqrt_noumaal.o
        54          4          0          0          0         84   ffix.o
       258          4          0          0          0         84   fmul.o
       140          4          0          0          0         84   fnaninf.o
        10          0          0          0          0         68   fretinf.o
         4          0          0          0          0         68   printf1.o
       100          0          0          0          0         68   retnan.o
        92          0          0          0          0         68   scalbn.o
        48          0          0          0          0         68   trapv.o
         0          0          0          0          0          0   usenofp.o
       636         62         80          0          0        188   acos.o
        18          0          0          0          0        136   dunder.o
        40          0          0          0          0         68   fpclassify.o
       170          0          0          0          0         96   poly.o
        76          0          0          0          0         84   sqrt.o

    ----------------------------------------------------------------------
     10466        582        596          0         96       6764   Library Totals
        22          0          3          0          0          0   (incl. Padding)

    ----------------------------------------------------------------------

      Code (inc. data)   RO Data    RW Data    ZI Data      Debug   Library Name

      6156        272        513          0         96       4432   c_w.l
      3348        248          0          0          0       1760   fz_ws.l
       940         62         80          0          0        572   m_ws.l

    ----------------------------------------------------------------------
     10466        582        596          0         96       6764   Library Totals

    ----------------------------------------------------------------------

==============================================================================


      Code (inc. data)   RO Data    RW Data    ZI Data      Debug   

     24392       1412       1344         64       3232     347453   Grand Totals
     24392       1412       1344         64       3232     347453   ELF Image Totals
     24392       1412       1344         64          0          0   ROM Totals

==============================================================================

    Total RO  Size (Code + RO Data)                25736 (  25.13kB)
    Total RW  Size (RW Data + ZI Data)              3296 (   3.22kB)
    Total ROM Size (Code + RO Data + RW Data)      25800 (  25.20kB)

==============================================================================

